Archive member included to satisfy reference by file (symbol)

D:\2_Learning\1_FUNIX Course\IOT302x\SDK_1.0.3_NUCLEO-F401RE\lib_stm\libLibraries.a(system_stm32f4xx.o)
                              ./Src/TouchSwitch_MCU_V1.0.1.o (SystemCoreClockUpdate)
D:\2_Learning\1_FUNIX Course\IOT302x\SDK_1.0.3_NUCLEO-F401RE\lib_stm\libLibraries.a(eventbutton.o)
                              ./Src/TouchSwitch_MCU_V1.0.1.o (EventButton_Init)
D:\2_Learning\1_FUNIX Course\IOT302x\SDK_1.0.3_NUCLEO-F401RE\lib_stm\libLibraries.a(buzzer.o)
                              ./Src/TouchSwitch_MCU_V1.0.1.o (BuzzerControl_Init)
D:\2_Learning\1_FUNIX Course\IOT302x\SDK_1.0.3_NUCLEO-F401RE\lib_stm\libLibraries.a(melody.o)
                              ./Src/TouchSwitch_MCU_V1.0.1.o (pbeeep)
D:\2_Learning\1_FUNIX Course\IOT302x\SDK_1.0.3_NUCLEO-F401RE\lib_stm\libLibraries.a(led.o)
                              ./Src/TouchSwitch_MCU_V1.0.1.o (LedControl_Init)
D:\2_Learning\1_FUNIX Course\IOT302x\SDK_1.0.3_NUCLEO-F401RE\lib_stm\libLibraries.a(eventman.o)
                              ./Src/TouchSwitch_MCU_V1.0.1.o (EventSchedulerInit)
D:\2_Learning\1_FUNIX Course\IOT302x\SDK_1.0.3_NUCLEO-F401RE\lib_stm\libLibraries.a(timer.o)
                              ./Src/TouchSwitch_MCU_V1.0.1.o (TimerInit)
D:\2_Learning\1_FUNIX Course\IOT302x\SDK_1.0.3_NUCLEO-F401RE\lib_stm\libLibraries.a(lightsensor.o)
                              ./Src/TouchSwitch_MCU_V1.0.1.o (LightSensor_Init)
D:\2_Learning\1_FUNIX Course\IOT302x\SDK_1.0.3_NUCLEO-F401RE\lib_stm\libLibraries.a(temhumsensor.o)
                              ./Src/TouchSwitch_MCU_V1.0.1.o (TemHumSensor_Init)
D:\2_Learning\1_FUNIX Course\IOT302x\SDK_1.0.3_NUCLEO-F401RE\lib_stm\libLibraries.a(serial.o)
                              ./Src/TouchSwitch_MCU_V1.0.1.o (processSerialReceiver)
D:\2_Learning\1_FUNIX Course\IOT302x\SDK_1.0.3_NUCLEO-F401RE\lib_stm\libLibraries.a(uartcmd.o)
                              ./Src/TouchSwitch_MCU_V1.0.1.o (EventSerial_Init)
D:\2_Learning\1_FUNIX Course\IOT302x\SDK_1.0.3_NUCLEO-F401RE\lib_stm\libLibraries.a(Ucglib.o)
                              ./Src/TouchSwitch_MCU_V1.0.1.o (Ucglib4WireSWSPI_begin)
D:\2_Learning\1_FUNIX Course\IOT302x\SDK_1.0.3_NUCLEO-F401RE\lib_stm\libLibraries.a(ucg_box.o)
                              ./Src/TouchSwitch_MCU_V1.0.1.o (ucg_ClearScreen)
D:\2_Learning\1_FUNIX Course\IOT302x\SDK_1.0.3_NUCLEO-F401RE\lib_stm\libLibraries.a(ucg_ccs.o)
                              D:\2_Learning\1_FUNIX Course\IOT302x\SDK_1.0.3_NUCLEO-F401RE\lib_stm\libLibraries.a(ucg_box.o) (ucg_ccs_init)
D:\2_Learning\1_FUNIX Course\IOT302x\SDK_1.0.3_NUCLEO-F401RE\lib_stm\libLibraries.a(ucg_circle.o)
                              D:\2_Learning\1_FUNIX Course\IOT302x\SDK_1.0.3_NUCLEO-F401RE\lib_stm\libLibraries.a(ucg_box.o) (ucg_DrawCircle)
D:\2_Learning\1_FUNIX Course\IOT302x\SDK_1.0.3_NUCLEO-F401RE\lib_stm\libLibraries.a(ucg_dev_default_cb.o)
                              D:\2_Learning\1_FUNIX Course\IOT302x\SDK_1.0.3_NUCLEO-F401RE\lib_stm\libLibraries.a(Ucglib.o) (ucg_dev_default_cb)
D:\2_Learning\1_FUNIX Course\IOT302x\SDK_1.0.3_NUCLEO-F401RE\lib_stm\libLibraries.a(ucg_dev_ic_st7735.o)
                              D:\2_Learning\1_FUNIX Course\IOT302x\SDK_1.0.3_NUCLEO-F401RE\lib_stm\libLibraries.a(Ucglib.o) (ucg_ext_st7735_18)
D:\2_Learning\1_FUNIX Course\IOT302x\SDK_1.0.3_NUCLEO-F401RE\lib_stm\libLibraries.a(ucg_dev_msg_api.o)
                              D:\2_Learning\1_FUNIX Course\IOT302x\SDK_1.0.3_NUCLEO-F401RE\lib_stm\libLibraries.a(ucg_box.o) (ucg_SetMaxClipRange)
D:\2_Learning\1_FUNIX Course\IOT302x\SDK_1.0.3_NUCLEO-F401RE\lib_stm\libLibraries.a(ucg_dev_tft_128x128_st7735.o)
                              D:\2_Learning\1_FUNIX Course\IOT302x\SDK_1.0.3_NUCLEO-F401RE\lib_stm\libLibraries.a(Ucglib.o) (ucg_dev_st7735_18x128x128)
D:\2_Learning\1_FUNIX Course\IOT302x\SDK_1.0.3_NUCLEO-F401RE\lib_stm\libLibraries.a(ucg_font.o)
                              D:\2_Learning\1_FUNIX Course\IOT302x\SDK_1.0.3_NUCLEO-F401RE\lib_stm\libLibraries.a(Ucglib.o) (ucg_SetFontMode)
D:\2_Learning\1_FUNIX Course\IOT302x\SDK_1.0.3_NUCLEO-F401RE\lib_stm\libLibraries.a(ucg_init.o)
                              D:\2_Learning\1_FUNIX Course\IOT302x\SDK_1.0.3_NUCLEO-F401RE\lib_stm\libLibraries.a(Ucglib.o) (ucg_Init)
D:\2_Learning\1_FUNIX Course\IOT302x\SDK_1.0.3_NUCLEO-F401RE\lib_stm\libLibraries.a(ucg_line.o)
                              D:\2_Learning\1_FUNIX Course\IOT302x\SDK_1.0.3_NUCLEO-F401RE\lib_stm\libLibraries.a(ucg_font.o) (ucg_Draw90Line)
D:\2_Learning\1_FUNIX Course\IOT302x\SDK_1.0.3_NUCLEO-F401RE\lib_stm\libLibraries.a(ucg_pixel.o)
                              ./Src/TouchSwitch_MCU_V1.0.1.o (ucg_SetColor)
D:\2_Learning\1_FUNIX Course\IOT302x\SDK_1.0.3_NUCLEO-F401RE\lib_stm\libLibraries.a(ucg_pixel_font_data.o)
                              ./Src/TouchSwitch_MCU_V1.0.1.o (ucg_font_ncenR08_hf)
[...]
Memory Configuration

Name             Origin             Length             Attributes
RAM              0x20000000         0x00018000         xrw
FLASH            0x08000000         0x00080000         xr
*default*        0x00000000         0xffffffff

Linker script and memory map

LOAD C:/ST/STM32CubeIDE_1.19.0/STM32CubeIDE/plugins/com.st.stm32cube.ide.mcu.externaltools.gnu-tools-for-stm32.13.3.rel1.win32_1.0.0.202411081344/tools/bin/../lib/gcc/arm-none-eabi/13.3.1/thumb/v7e-m+fp/hard/crti.o
LOAD C:/ST/STM32CubeIDE_1.19.0/STM32CubeIDE/plugins/com.st.stm32cube.ide.mcu.externaltools.gnu-tools-for-stm32.13.3.rel1.win32_1.0.0.202411081344/tools/bin/../lib/gcc/arm-none-eabi/13.3.1/thumb/v7e-m+fp/hard/crtbegin.o
LOAD C:/ST/STM32CubeIDE_1.19.0/STM32CubeIDE/plugins/com.st.stm32cube.ide.mcu.externaltools.gnu-tools-for-stm32.13.3.rel1.win32_1.0.0.202411081344/tools/bin/../lib/gcc/arm-none-eabi/13.3.1/../../../../arm-none-eabi/lib/thumb/v7e-m+fp/hard/crt0.o
LOAD ./Src/TouchSwitch_MCU_V1.0.1.o
LOAD ./Src/syscalls.o
LOAD ./Src/sysmem.o
LOAD ./Startup/startup_stm32f401retx.o
LOAD D:\2_Learning\1_FUNIX Course\IOT302x\SDK_1.0.3_NUCLEO-F401RE\lib_stm\libLibraries.a
START GROUP
LOAD C:/ST/STM32CubeIDE_1.19.0/STM32CubeIDE/plugins/com.st.stm32cube.ide.mcu.externaltools.gnu-tools-for-stm32.13.3.rel1.win32_1.0.0.202411081344/tools/bin/../lib/gcc/arm-none-eabi/13.3.1/../../../../arm-none-eabi/lib/thumb/v7e-m+fp/hard\libc_nano.a
LOAD C:/ST/STM32CubeIDE_1.19.0/STM32CubeIDE/plugins/com.st.stm32cube.ide.mcu.externaltools.gnu-tools-for-stm32.13.3.rel1.win32_1.0.0.202411081344/tools/bin/../lib/gcc/arm-none-eabi/13.3.1/../../../../arm-none-eabi/lib/thumb/v7e-m+fp/hard\libm.a
END GROUP
START GROUP
LOAD C:/ST/STM32CubeIDE_1.19.0/STM32CubeIDE/plugins/com.st.stm32cube.ide.mcu.externaltools.gnu-tools-for-stm32.13.3.rel1.win32_1.0.0.202411081344/tools/bin/../lib/gcc/arm-none-eabi/13.3.1/thumb/v7e-m+fp/hard\libgcc.a
LOAD C:/ST/STM32CubeIDE_1.19.0/STM32CubeIDE/plugins/com.st.stm32cube.ide.mcu.externaltools.gnu-tools-for-stm32.13.3.rel1.win32_1.0.0.202411081344/tools/bin/../lib/gcc/arm-none-eabi/13.3.1/../../../../arm-none-eabi/lib/thumb/v7e-m+fp/hard\libc_nano.a
END GROUP
START GROUP
LOAD C:/ST/STM32CubeIDE_1.19.0/STM32CubeIDE/plugins/com.st.stm32cube.ide.mcu.externaltools.gnu-tools-for-stm32.13.3.rel1.win32_1.0.0.202411081344/tools/bin/../lib/gcc/arm-none-eabi/13.3.1/thumb/v7e-m+fp/hard\libgcc.a
LOAD C:/ST/STM32CubeIDE_1.19.0/STM32CubeIDE/plugins/com.st.stm32cube.ide.mcu.externaltools.gnu-tools-for-stm32.13.3.rel1.win32_1.0.0.202411081344/tools/bin/../lib/gcc/arm-none-eabi/13.3.1/../../../../arm-none-eabi/lib/thumb/v7e-m+fp/hard\libc_nano.a
LOAD C:/ST/STM32CubeIDE_1.19.0/STM32CubeIDE/plugins/com.st.stm32cube.ide.mcu.externaltools.gnu-tools-for-stm32.13.3.rel1.win32_1.0.0.202411081344/tools/bin/../lib/gcc/arm-none-eabi/13.3.1/../../../../arm-none-eabi/lib/thumb/v7e-m+fp/hard\libnosys.a
END GROUP
START GROUP
LOAD C:/ST/STM32CubeIDE_1.19.0/STM32CubeIDE/plugins/com.st.stm32cube.ide.mcu.externaltools.gnu-tools-for-stm32.13.3.rel1.win32_1.0.0.202411081344/tools/bin/../lib/gcc/arm-none-eabi/13.3.1/thumb/v7e-m+fp/hard\libgcc.a
LOAD C:/ST/STM32CubeIDE_1.19.0/STM32CubeIDE/plugins/com.st.stm32cube.ide.mcu.externaltools.gnu-tools-for-stm32.13.3.rel1.win32_1.0.0.202411081344/tools/bin/../lib/gcc/arm-none-eabi/13.3.1/../../../../arm-none-eabi/lib/thumb/v7e-m+fp/hard\libc_nano.a
LOAD C:/ST/STM32CubeIDE_1.19.0/STM32CubeIDE/plugins/com.st.stm32cube.ide.mcu.externaltools.gnu-tools-for-stm32.13.3.rel1.win32_1.0.0.202411081344/tools/bin/../lib/gcc/arm-none-eabi/13.3.1/../../../../arm-none-eabi/lib/thumb/v7e-m+fp/hard\libnosys.a
END GROUP
LOAD C:/ST/STM32CubeIDE_1.19.0/STM32CubeIDE/plugins/com.st.stm32cube.ide.mcu.externaltools.gnu-tools-for-stm32.13.3.rel1.win32_1.0.0.202411081344/tools/bin/../lib/gcc/arm-none-eabi/13.3.1/thumb/v7e-m+fp/hard/crtend.o
LOAD C:/ST/STM32CubeIDE_1.19.0/STM32CubeIDE/plugins/com.st.stm32cube.ide.mcu.externaltools.gnu-tools-for-stm32.13.3.rel1.win32_1.0.0.202411081344/tools/bin/../lib/gcc/arm-none-eabi/13.3.1/thumb/v7e-m+fp/hard/crtn.o
                0x20018000                        _estack = (ORIGIN (RAM) + LENGTH (RAM))
                0x00000200                        _Min_Heap_Size = 0x200
                0x00000400                        _Min_Stack_Size = 0x400

.isr_vector     0x08000000      0x194
                0x08000000                        . = ALIGN (0x4)
 *(.isr_vector)
 .isr_vector    0x08000000      0x194 ./Startup/startup_stm32f401retx.o
                0x08000000                g_pfnVectors
                0x08000194                        . = ALIGN (0x4)

.text           0x080001a0     0x7188
                0x080001a0                        . = ALIGN (0x4)
 *(.text)
 .text          0x080001a0       0x40 C:/ST/STM32CubeIDE_1.19.0/STM32CubeIDE/plugins/com.st.stm32cube.ide.mcu.externaltools.gnu-tools-for-stm32.13.3.rel1.win32_1.0.0.202411081344/tools/bin/../lib/gcc/arm-none-eabi/13.3.1/thumb/v7e-m+fp/hard/crtbegin.o
 .text          0x080001e0       0xa0 C:/ST/STM32CubeIDE_1.19.0/STM32CubeIDE/plugins/com.st.stm32cube.ide.mcu.externaltools.gnu-tools-for-stm32.13.3.rel1.win32_1.0.0.202411081344/tools/bin/../lib/gcc/arm-none-eabi/13.3.1/../../../../arm-none-eabi/lib/thumb/v7e-m+fp/hard\libc_nano.a(libc_a-memchr.o)
                0x080001e0                memchr
 *(.text*)
 .text.ButtonHadle
                0x08000280       0x20 ./Src/TouchSwitch_MCU_V1.0.1.o
                0x08000280                ButtonHadle
 .text.LedHandle
                0x080002a0       0x5e ./Src/TouchSwitch_MCU_V1.0.1.o
                0x080002a0                LedHandle
 *fill*         0x080002fe        0x2 
 .text.BuzzerHandle
                0x08000300       0x28 ./Src/TouchSwitch_MCU_V1.0.1.o
                0x08000300                BuzzerHandle
 .text.LcdHandle
                0x08000328       0x4c ./Src/TouchSwitch_MCU_V1.0.1.o
                0x08000328                LcdHandle
 .text.main     0x08000374       0xbc ./Src/TouchSwitch_MCU_V1.0.1.o
                0x08000374                main
 .text.AppStateManager
                0x08000430       0x88 ./Src/TouchSwitch_MCU_V1.0.1.o
 .text.SetStateApp
                0x080004b8       0x20 ./Src/TouchSwitch_MCU_V1.0.1.o
 .text.GetStateApp
                0x080004d8       0x18 ./Src/TouchSwitch_MCU_V1.0.1.o
 .text.DeviceStateMachine
                0x080004f0      0x224 ./Src/TouchSwitch_MCU_V1.0.1.o
                0x080004f0                DeviceStateMachine
 .text.Increase_LedLevel
                0x08000714       0x38 ./Src/TouchSwitch_MCU_V1.0.1.o
                0x08000714                Increase_LedLevel
 .text.Decrease_LedLevel
                0x0800074c       0x38 ./Src/TouchSwitch_MCU_V1.0.1.o
                0x0800074c                Decrease_LedLevel
 .text.Clamp    0x08000784       0x32 ./Src/TouchSwitch_MCU_V1.0.1.o
                0x08000784                Clamp
 *fill*         0x080007b6        0x2 
 .text.Task_multiSensorScan
                0x080007b8       0xc8 ./Src/TouchSwitch_MCU_V1.0.1.o
                0x080007b8                Task_multiSensorScan
 .text.MultiSensorScan
                0x08000880       0x50 ./Src/TouchSwitch_MCU_V1.0.1.o
                0x08000880                MultiSensorScan
 .text._sbrk    0x080008d0       0x6c ./Src/sysmem.o
                0x080008d0                _sbrk
 .text.Reset_Handler
                0x0800093c       0x50 ./Startup/startup_stm32f401retx.o
                0x0800093c                Reset_Handler
 .text.Default_Handler
                0x0800098c        0x2 ./Startup/startup_stm32f401retx.o
                0x0800098c                EXTI2_IRQHandler
                0x0800098c                DebugMon_Handler
                0x0800098c                SPI4_IRQHandler
                0x0800098c                TIM1_CC_IRQHandler
                0x0800098c                DMA2_Stream5_IRQHandler
                0x0800098c                HardFault_Handler
                0x0800098c                DMA1_Stream5_IRQHandler
                0x0800098c                SDIO_IRQHandler
                0x0800098c                TAMP_STAMP_IRQHandler
                0x0800098c                PendSV_Handler
                0x0800098c                NMI_Handler
                0x0800098c                EXTI3_IRQHandler
                0x0800098c                TIM1_UP_TIM10_IRQHandler
                0x0800098c                I2C3_ER_IRQHandler
                0x0800098c                EXTI18_OTG_FS_WKUP_IRQHandler
                0x0800098c                EXTI0_IRQHandler
                0x0800098c                I2C2_EV_IRQHandler
                0x0800098c                DMA1_Stream2_IRQHandler
                0x0800098c                UsageFault_Handler
                0x0800098c                DMA2_Stream2_IRQHandler
                0x0800098c                SPI1_IRQHandler
                0x0800098c                TIM1_BRK_TIM9_IRQHandler
                0x0800098c                DMA2_Stream3_IRQHandler
                0x0800098c                USART6_IRQHandler
                0x0800098c                DMA2_Stream0_IRQHandler
                0x0800098c                TIM4_IRQHandler
                0x0800098c                I2C1_EV_IRQHandler
                0x0800098c                DMA1_Stream6_IRQHandler
                0x0800098c                DMA1_Stream1_IRQHandler
                0x0800098c                TIM3_IRQHandler
                0x0800098c                RCC_IRQHandler
                0x0800098c                Default_Handler
                0x0800098c                EXTI15_10_IRQHandler
                0x0800098c                ADC_IRQHandler
                0x0800098c                DMA1_Stream7_IRQHandler
                0x0800098c                TIM5_IRQHandler
                0x0800098c                DMA2_Stream7_IRQHandler
                0x0800098c                I2C3_EV_IRQHandler
                0x0800098c                EXTI9_5_IRQHandler
                0x0800098c                SPI2_IRQHandler
                0x0800098c                MemManage_Handler
                0x0800098c                DMA1_Stream0_IRQHandler
                0x0800098c                SVC_Handler
                0x0800098c                EXTI4_IRQHandler
                0x0800098c                EXTI22_RTC_WKUP_IRQHandler
                0x0800098c                TIM2_IRQHandler
                0x0800098c                EXTI16_PVD_IRQHandler
                0x0800098c                TIM1_TRG_COM_TIM11_IRQHandler
                0x0800098c                EXTI1_IRQHandler
                0x0800098c                EXTI17_RTC_Alarm_IRQHandler
                0x0800098c                I2C2_ER_IRQHandler
                0x0800098c                DMA2_Stream1_IRQHandler
                0x0800098c                FLASH_IRQHandler
                0x0800098c                DMA2_Stream4_IRQHandler
                0x0800098c                BusFault_Handler
                0x0800098c                USART1_IRQHandler
                0x0800098c                OTG_FS_IRQHandler
                0x0800098c                SPI3_IRQHandler
                0x0800098c                DMA1_Stream4_IRQHandler
                0x0800098c                I2C1_ER_IRQHandler
                0x0800098c                DMA2_Stream6_IRQHandler
                0x0800098c                DMA1_Stream3_IRQHandler
 *fill*         0x0800098e        0x2 
 .text.SystemInit
                0x08000990       0x6c D:\2_Learning\1_FUNIX Course\IOT302x\SDK_1.0.3_NUCLEO-F401RE\lib_stm\libLibraries.a(system_stm32f4xx.o)
                0x08000990                SystemInit
 .text.SystemCoreClockUpdate
                0x080009fc       0xf8 D:\2_Learning\1_FUNIX Course\IOT302x\SDK_1.0.3_NUCLEO-F401RE\lib_stm\libLibraries.a(system_stm32f4xx.o)
                0x080009fc                SystemCoreClockUpdate
 .text.SetSysClock
                0x08000af4       0xa0 D:\2_Learning\1_FUNIX Course\IOT302x\SDK_1.0.3_NUCLEO-F401RE\lib_stm\libLibraries.a(system_stm32f4xx.o)
 .text.EventButton_Init
                0x08000b94       0x6c D:\2_Learning\1_FUNIX Course\IOT302x\SDK_1.0.3_NUCLEO-F401RE\lib_stm\libLibraries.a(eventbutton.o)
                0x08000b94                EventButton_Init
 .text.ButtonProcessEventEdge
                0x08000c00       0x34 D:\2_Learning\1_FUNIX Course\IOT302x\SDK_1.0.3_NUCLEO-F401RE\lib_stm\libLibraries.a(eventbutton.o)
 .text.ButtonProcessEventPress
                0x08000c34       0x48 D:\2_Learning\1_FUNIX Course\IOT302x\SDK_1.0.3_NUCLEO-F401RE\lib_stm\libLibraries.a(eventbutton.o)
 .text.ButtonProcessEventHold
                0x08000c7c       0x5e D:\2_Learning\1_FUNIX Course\IOT302x\SDK_1.0.3_NUCLEO-F401RE\lib_stm\libLibraries.a(eventbutton.o)
 .text.ButtonProcessEventRelease
                0x08000cda       0x5e D:\2_Learning\1_FUNIX Course\IOT302x\SDK_1.0.3_NUCLEO-F401RE\lib_stm\libLibraries.a(eventbutton.o)
 .text.BuzzerControl_Init
                0x08000d38       0x2c D:\2_Learning\1_FUNIX Course\IOT302x\SDK_1.0.3_NUCLEO-F401RE\lib_stm\libLibraries.a(buzzer.o)
                0x08000d38                BuzzerControl_Init
 .text.BuzzOff  0x08000d64       0x58 D:\2_Learning\1_FUNIX Course\IOT302x\SDK_1.0.3_NUCLEO-F401RE\lib_stm\libLibraries.a(buzzer.o)
 .text.BuzzPlay
                0x08000dbc       0x98 D:\2_Learning\1_FUNIX Course\IOT302x\SDK_1.0.3_NUCLEO-F401RE\lib_stm\libLibraries.a(buzzer.o)
 .text.BuzzerControl_SetMelody
                0x08000e54       0x3c D:\2_Learning\1_FUNIX Course\IOT302x\SDK_1.0.3_NUCLEO-F401RE\lib_stm\libLibraries.a(buzzer.o)
                0x08000e54                BuzzerControl_SetMelody
 .text.BuzzerControl_SendPacketRespond
                0x08000e90       0x2a D:\2_Learning\1_FUNIX Course\IOT302x\SDK_1.0.3_NUCLEO-F401RE\lib_stm\libLibraries.a(buzzer.o)
                0x08000e90                BuzzerControl_SendPacketRespond
 *fill*         0x08000eba        0x2 
 .text.BUZZTIM_InitTimer
                0x08000ebc       0x50 D:\2_Learning\1_FUNIX Course\IOT302x\SDK_1.0.3_NUCLEO-F401RE\lib_stm\libLibraries.a(buzzer.o)
 .text.BUZZTIM_InitPWMChannel
                0x08000f0c       0x90 D:\2_Learning\1_FUNIX Course\IOT302x\SDK_1.0.3_NUCLEO-F401RE\lib_stm\libLibraries.a(buzzer.o)
 .text.BuzzerControl_SetDutyCycle
                0x08000f9c       0x3c D:\2_Learning\1_FUNIX Course\IOT302x\SDK_1.0.3_NUCLEO-F401RE\lib_stm\libLibraries.a(buzzer.o)
                0x08000f9c                BuzzerControl_SetDutyCycle
 .text.BuzzerControl_SetPreriod
                0x08000fd8       0x20 D:\2_Learning\1_FUNIX Course\IOT302x\SDK_1.0.3_NUCLEO-F401RE\lib_stm\libLibraries.a(buzzer.o)
                0x08000fd8                BuzzerControl_SetPreriod
 .text.LedControl_Init
                0x08000ff8       0x10 D:\2_Learning\1_FUNIX Course\IOT302x\SDK_1.0.3_NUCLEO-F401RE\lib_stm\libLibraries.a(led.o)
                0x08000ff8                LedControl_Init
 .text.LedControl_SetColorIndividual
                0x08001008       0xf8 D:\2_Learning\1_FUNIX Course\IOT302x\SDK_1.0.3_NUCLEO-F401RE\lib_stm\libLibraries.a(led.o)
                0x08001008                LedControl_SetColorIndividual
 .text.LedControl_SetColorGeneral
                0x08001100      0x128 D:\2_Learning\1_FUNIX Course\IOT302x\SDK_1.0.3_NUCLEO-F401RE\lib_stm\libLibraries.a(led.o)
                0x08001100                LedControl_SetColorGeneral
 .text.LedControl_SetAllColor
                0x08001228       0x36 D:\2_Learning\1_FUNIX Course\IOT302x\SDK_1.0.3_NUCLEO-F401RE\lib_stm\libLibraries.a(led.o)
                0x08001228                LedControl_SetAllColor
 *fill*         0x0800125e        0x2 
 .text.LEDGPIO_Config
                0x08001260       0x94 D:\2_Learning\1_FUNIX Course\IOT302x\SDK_1.0.3_NUCLEO-F401RE\lib_stm\libLibraries.a(led.o)
 .text.LEDTIM_Config
                0x080012f4       0xec D:\2_Learning\1_FUNIX Course\IOT302x\SDK_1.0.3_NUCLEO-F401RE\lib_stm\libLibraries.a(led.o)
 .text.EventSchedulerInit
                0x080013e0       0x38 D:\2_Learning\1_FUNIX Course\IOT302x\SDK_1.0.3_NUCLEO-F401RE\lib_stm\libLibraries.a(eventman.o)
                0x080013e0                EventSchedulerInit
 .text.EventSchedulerAdd
                0x08001418       0x2c D:\2_Learning\1_FUNIX Course\IOT302x\SDK_1.0.3_NUCLEO-F401RE\lib_stm\libLibraries.a(eventman.o)
                0x08001418                EventSchedulerAdd
 .text.processEventScheduler
                0x08001444       0x38 D:\2_Learning\1_FUNIX Course\IOT302x\SDK_1.0.3_NUCLEO-F401RE\lib_stm\libLibraries.a(eventman.o)
                0x08001444                processEventScheduler
 .text.NVIC_SetPriority
                0x0800147c       0x54 D:\2_Learning\1_FUNIX Course\IOT302x\SDK_1.0.3_NUCLEO-F401RE\lib_stm\libLibraries.a(timer.o)
 .text.SysTick_Config
                0x080014d0       0x44 D:\2_Learning\1_FUNIX Course\IOT302x\SDK_1.0.3_NUCLEO-F401RE\lib_stm\libLibraries.a(timer.o)
 .text.TimerInit
                0x08001514       0x44 D:\2_Learning\1_FUNIX Course\IOT302x\SDK_1.0.3_NUCLEO-F401RE\lib_stm\libLibraries.a(timer.o)
                0x08001514                TimerInit
 .text.TimerStart
                0x08001558       0xc4 D:\2_Learning\1_FUNIX Course\IOT302x\SDK_1.0.3_NUCLEO-F401RE\lib_stm\libLibraries.a(timer.o)
                0x08001558                TimerStart
 .text.TimerStop
                0x0800161c       0xa0 D:\2_Learning\1_FUNIX Course\IOT302x\SDK_1.0.3_NUCLEO-F401RE\lib_stm\libLibraries.a(timer.o)
                0x0800161c                TimerStop
 .text.GetMilSecTick
                0x080016bc       0x18 D:\2_Learning\1_FUNIX Course\IOT302x\SDK_1.0.3_NUCLEO-F401RE\lib_stm\libLibraries.a(timer.o)
                0x080016bc                GetMilSecTick
 .text.processTimerScheduler
                0x080016d4       0xf0 D:\2_Learning\1_FUNIX Course\IOT302x\SDK_1.0.3_NUCLEO-F401RE\lib_stm\libLibraries.a(timer.o)
                0x080016d4                processTimerScheduler
 .text.TimeExpired
                0x080017c4       0xcc D:\2_Learning\1_FUNIX Course\IOT302x\SDK_1.0.3_NUCLEO-F401RE\lib_stm\libLibraries.a(timer.o)
 .text.SysTick_Handler
                0x08001890       0x1c D:\2_Learning\1_FUNIX Course\IOT302x\SDK_1.0.3_NUCLEO-F401RE\lib_stm\libLibraries.a(timer.o)
                0x08001890                SysTick_Handler
 .text.LightSensor_Init
                0x080018ac      0x160 D:\2_Learning\1_FUNIX Course\IOT302x\SDK_1.0.3_NUCLEO-F401RE\lib_stm\libLibraries.a(lightsensor.o)
                0x080018ac                LightSensor_Init
 .text.LightSensor_MeasureUseDMAMode
                0x08001a0c       0x18 D:\2_Learning\1_FUNIX Course\IOT302x\SDK_1.0.3_NUCLEO-F401RE\lib_stm\libLibraries.a(lightsensor.o)
                0x08001a0c                LightSensor_MeasureUseDMAMode
 .text.TemHumSensor_Init
                0x08001a24        0xc D:\2_Learning\1_FUNIX Course\IOT302x\SDK_1.0.3_NUCLEO-F401RE\lib_stm\libLibraries.a(temhumsensor.o)
                0x08001a24                TemHumSensor_Init
 .text.TemHumSensor_GetTemp
                0x08001a30       0x7c D:\2_Learning\1_FUNIX Course\IOT302x\SDK_1.0.3_NUCLEO-F401RE\lib_stm\libLibraries.a(temhumsensor.o)
                0x08001a30                TemHumSensor_GetTemp
 .text.TemHumSensor_GetHumi
                0x08001aac       0x78 D:\2_Learning\1_FUNIX Course\IOT302x\SDK_1.0.3_NUCLEO-F401RE\lib_stm\libLibraries.a(temhumsensor.o)
                0x08001aac                TemHumSensor_GetHumi
 .text.CalculateCRC8
                0x08001b24       0x86 D:\2_Learning\1_FUNIX Course\IOT302x\SDK_1.0.3_NUCLEO-F401RE\lib_stm\libLibraries.a(temhumsensor.o)
 *fill*         0x08001baa        0x2 
 .text.i2c_config
                0x08001bac       0x94 D:\2_Learning\1_FUNIX Course\IOT302x\SDK_1.0.3_NUCLEO-F401RE\lib_stm\libLibraries.a(temhumsensor.o)
                0x08001bac                i2c_config
 .text.i2c_read_reg_expand
                0x08001c40       0xac D:\2_Learning\1_FUNIX Course\IOT302x\SDK_1.0.3_NUCLEO-F401RE\lib_stm\libLibraries.a(temhumsensor.o)
                0x08001c40                i2c_read_reg_expand
 .text.i2c_start
                0x08001cec       0x3c D:\2_Learning\1_FUNIX Course\IOT302x\SDK_1.0.3_NUCLEO-F401RE\lib_stm\libLibraries.a(temhumsensor.o)
                0x08001cec                i2c_start
 .text.i2c_stop
                0x08001d28       0x14 D:\2_Learning\1_FUNIX Course\IOT302x\SDK_1.0.3_NUCLEO-F401RE\lib_stm\libLibraries.a(temhumsensor.o)
                0x08001d28                i2c_stop
 .text.i2c_address_direction
                0x08001d3c       0x60 D:\2_Learning\1_FUNIX Course\IOT302x\SDK_1.0.3_NUCLEO-F401RE\lib_stm\libLibraries.a(temhumsensor.o)
                0x08001d3c                i2c_address_direction
 .text.i2c_transmit
                0x08001d9c       0x34 D:\2_Learning\1_FUNIX Course\IOT302x\SDK_1.0.3_NUCLEO-F401RE\lib_stm\libLibraries.a(temhumsensor.o)
                0x08001d9c                i2c_transmit
 .text.i2c_receive_ack
                0x08001dd0       0x30 D:\2_Learning\1_FUNIX Course\IOT302x\SDK_1.0.3_NUCLEO-F401RE\lib_stm\libLibraries.a(temhumsensor.o)
                0x08001dd0                i2c_receive_ack
 .text.i2c_receive_nack
                0x08001e00       0x30 D:\2_Learning\1_FUNIX Course\IOT302x\SDK_1.0.3_NUCLEO-F401RE\lib_stm\libLibraries.a(temhumsensor.o)
                0x08001e00                i2c_receive_nack
 .text.TimerGetCurrentTime
                0x08001e30       0x1a D:\2_Learning\1_FUNIX Course\IOT302x\SDK_1.0.3_NUCLEO-F401RE\lib_stm\libLibraries.a(serial.o)
 .text.TimerGetElapsedTime
                0x08001e4a       0x1a D:\2_Learning\1_FUNIX Course\IOT302x\SDK_1.0.3_NUCLEO-F401RE\lib_stm\libLibraries.a(serial.o)
 .text.Serial_Init
                0x08001e64       0x40 D:\2_Learning\1_FUNIX Course\IOT302x\SDK_1.0.3_NUCLEO-F401RE\lib_stm\libLibraries.a(serial.o)
                0x08001e64                Serial_Init
 .text.SerialHandleEventCallback
                0x08001ea4       0x20 D:\2_Learning\1_FUNIX Course\IOT302x\SDK_1.0.3_NUCLEO-F401RE\lib_stm\libLibraries.a(serial.o)
                0x08001ea4                SerialHandleEventCallback
 .text.PollRxBuff
                0x08001ec4      0x154 D:\2_Learning\1_FUNIX Course\IOT302x\SDK_1.0.3_NUCLEO-F401RE\lib_stm\libLibraries.a(serial.o)
 .text.SendACK  0x08002018        0xe D:\2_Learning\1_FUNIX Course\IOT302x\SDK_1.0.3_NUCLEO-F401RE\lib_stm\libLibraries.a(serial.o)
                0x08002018                SendACK
 .text.SendNACK
                0x08002026        0xe D:\2_Learning\1_FUNIX Course\IOT302x\SDK_1.0.3_NUCLEO-F401RE\lib_stm\libLibraries.a(serial.o)
                0x08002026                SendNACK
 .text.processSerialReceiver
                0x08002034       0x78 D:\2_Learning\1_FUNIX Course\IOT302x\SDK_1.0.3_NUCLEO-F401RE\lib_stm\libLibraries.a(serial.o)
                0x08002034                processSerialReceiver
 .text.Serial_SendPacket
                0x080020ac      0x188 D:\2_Learning\1_FUNIX Course\IOT302x\SDK_1.0.3_NUCLEO-F401RE\lib_stm\libLibraries.a(serial.o)
                0x080020ac                Serial_SendPacket
 .text.CalculateCheckXOR
                0x08002234       0x42 D:\2_Learning\1_FUNIX Course\IOT302x\SDK_1.0.3_NUCLEO-F401RE\lib_stm\libLibraries.a(serial.o)
 *fill*         0x08002276        0x2 
 .text.UART_RegBufferRx
                0x08002278       0x28 D:\2_Learning\1_FUNIX Course\IOT302x\SDK_1.0.3_NUCLEO-F401RE\lib_stm\libLibraries.a(serial.o)
                0x08002278                UART_RegBufferRx
 .text.UART_Init
                0x080022a0       0xec D:\2_Learning\1_FUNIX Course\IOT302x\SDK_1.0.3_NUCLEO-F401RE\lib_stm\libLibraries.a(serial.o)
                0x080022a0                UART_Init
 .text.USART2_IRQHandler
                0x0800238c       0x50 D:\2_Learning\1_FUNIX Course\IOT302x\SDK_1.0.3_NUCLEO-F401RE\lib_stm\libLibraries.a(serial.o)
                0x0800238c                USART2_IRQHandler
 .text.EventSerial_Init
                0x080023dc       0x18 D:\2_Learning\1_FUNIX Course\IOT302x\SDK_1.0.3_NUCLEO-F401RE\lib_stm\libLibraries.a(uartcmd.o)
                0x080023dc                EventSerial_Init
 .text.EventSerial_SetEventLedCallback
                0x080023f4       0x20 D:\2_Learning\1_FUNIX Course\IOT302x\SDK_1.0.3_NUCLEO-F401RE\lib_stm\libLibraries.a(uartcmd.o)
                0x080023f4                EventSerial_SetEventLedCallback
 .text.EventSerial_SetEventButtonCallback
                0x08002414       0x20 D:\2_Learning\1_FUNIX Course\IOT302x\SDK_1.0.3_NUCLEO-F401RE\lib_stm\libLibraries.a(uartcmd.o)
                0x08002414                EventSerial_SetEventButtonCallback
 .text.EventSerial_SetEventBuzzerCallback
                0x08002434       0x20 D:\2_Learning\1_FUNIX Course\IOT302x\SDK_1.0.3_NUCLEO-F401RE\lib_stm\libLibraries.a(uartcmd.o)
                0x08002434                EventSerial_SetEventBuzzerCallback
 .text.EventSerial_SetEventLcdCallback
                0x08002454       0x20 D:\2_Learning\1_FUNIX Course\IOT302x\SDK_1.0.3_NUCLEO-F401RE\lib_stm\libLibraries.a(uartcmd.o)
                0x08002454                EventSerial_SetEventLcdCallback
 .text.procUartCmd
                0x08002474       0x56 D:\2_Learning\1_FUNIX Course\IOT302x\SDK_1.0.3_NUCLEO-F401RE\lib_stm\libLibraries.a(uartcmd.o)
 *fill*         0x080024ca        0x2 
 .text.uartReceiveControlLed_Set
                0x080024cc       0x4c D:\2_Learning\1_FUNIX Course\IOT302x\SDK_1.0.3_NUCLEO-F401RE\lib_stm\libLibraries.a(uartcmd.o)
                0x080024cc                uartReceiveControlLed_Set
 .text.processUartReceiveCommand_ControlLed
                0x08002518       0x26 D:\2_Learning\1_FUNIX Course\IOT302x\SDK_1.0.3_NUCLEO-F401RE\lib_stm\libLibraries.a(uartcmd.o)
 *fill*         0x0800253e        0x2 
 .text.uartReceiveControlBuzzer_Set
                0x08002540       0x40 D:\2_Learning\1_FUNIX Course\IOT302x\SDK_1.0.3_NUCLEO-F401RE\lib_stm\libLibraries.a(uartcmd.o)
                0x08002540                uartReceiveControlBuzzer_Set
 .text.processUartReceiveCommand_ControlBuzzer
                0x08002580       0x26 D:\2_Learning\1_FUNIX Course\IOT302x\SDK_1.0.3_NUCLEO-F401RE\lib_stm\libLibraries.a(uartcmd.o)
 *fill*         0x080025a6        0x2 
 .text.uartReceiveControlButton_Set
                0x080025a8       0x44 D:\2_Learning\1_FUNIX Course\IOT302x\SDK_1.0.3_NUCLEO-F401RE\lib_stm\libLibraries.a(uartcmd.o)
                0x080025a8                uartReceiveControlButton_Set
 .text.processUartReceiveCommand_ControlButton
                0x080025ec       0x26 D:\2_Learning\1_FUNIX Course\IOT302x\SDK_1.0.3_NUCLEO-F401RE\lib_stm\libLibraries.a(uartcmd.o)
 *fill*         0x08002612        0x2 
 .text.uartReceiveControlLcd_Set
                0x08002614       0x58 D:\2_Learning\1_FUNIX Course\IOT302x\SDK_1.0.3_NUCLEO-F401RE\lib_stm\libLibraries.a(uartcmd.o)
                0x08002614                uartReceiveControlLcd_Set
 .text.processUartReceiveCommand_ControlLcd
                0x0800266c       0x26 D:\2_Learning\1_FUNIX Course\IOT302x\SDK_1.0.3_NUCLEO-F401RE\lib_stm\libLibraries.a(uartcmd.o)
 .text.delayMicroseconds
                0x08002692       0x14 D:\2_Learning\1_FUNIX Course\IOT302x\SDK_1.0.3_NUCLEO-F401RE\lib_stm\libLibraries.a(Ucglib.o)
 *fill*         0x080026a6        0x2 
 .text.ucg_gpio_init
                0x080026a8       0x60 D:\2_Learning\1_FUNIX Course\IOT302x\SDK_1.0.3_NUCLEO-F401RE\lib_stm\libLibraries.a(Ucglib.o)
 .text.ucg_com_arduino_send_generic_SW_SPI
                0x08002708       0x74 D:\2_Learning\1_FUNIX Course\IOT302x\SDK_1.0.3_NUCLEO-F401RE\lib_stm\libLibraries.a(Ucglib.o)
 .text.ucg_com_arduino_generic_SW_SPI
                0x0800277c      0x1ec D:\2_Learning\1_FUNIX Course\IOT302x\SDK_1.0.3_NUCLEO-F401RE\lib_stm\libLibraries.a(Ucglib.o)
 .text.Ucglib4WireSWSPI_begin
                0x08002968       0x38 D:\2_Learning\1_FUNIX Course\IOT302x\SDK_1.0.3_NUCLEO-F401RE\lib_stm\libLibraries.a(Ucglib.o)
                0x08002968                Ucglib4WireSWSPI_begin
 .text.ucg_DrawBox
                0x080029a0       0x56 D:\2_Learning\1_FUNIX Course\IOT302x\SDK_1.0.3_NUCLEO-F401RE\lib_stm\libLibraries.a(ucg_box.o)
                0x080029a0                ucg_DrawBox
 .text.ucg_ClearScreen
                0x080029f6       0x50 D:\2_Learning\1_FUNIX Course\IOT302x\SDK_1.0.3_NUCLEO-F401RE\lib_stm\libLibraries.a(ucg_box.o)
                0x080029f6                ucg_ClearScreen
 .text.ucg_ccs_init
                0x08002a46       0xc0 D:\2_Learning\1_FUNIX Course\IOT302x\SDK_1.0.3_NUCLEO-F401RE\lib_stm\libLibraries.a(ucg_ccs.o)
                0x08002a46                ucg_ccs_init
 .text.ucg_ccs_step
                0x08002b06       0x80 D:\2_Learning\1_FUNIX Course\IOT302x\SDK_1.0.3_NUCLEO-F401RE\lib_stm\libLibraries.a(ucg_ccs.o)
                0x08002b06                ucg_ccs_step
 .text.ucg_ccs_seek
                0x08002b86       0xca D:\2_Learning\1_FUNIX Course\IOT302x\SDK_1.0.3_NUCLEO-F401RE\lib_stm\libLibraries.a(ucg_ccs.o)
                0x08002b86                ucg_ccs_seek
 .text.ucg_dev_default_cb
                0x08002c50       0x44 D:\2_Learning\1_FUNIX Course\IOT302x\SDK_1.0.3_NUCLEO-F401RE\lib_stm\libLibraries.a(ucg_dev_default_cb.o)
                0x08002c50                ucg_dev_default_cb
 .text.ucg_ext_none
                0x08002c94       0x1c D:\2_Learning\1_FUNIX Course\IOT302x\SDK_1.0.3_NUCLEO-F401RE\lib_stm\libLibraries.a(ucg_dev_default_cb.o)
                0x08002c94                ucg_ext_none
 .text.ucg_handle_st7735_l90fx
                0x08002cb0       0xd8 D:\2_Learning\1_FUNIX Course\IOT302x\SDK_1.0.3_NUCLEO-F401RE\lib_stm\libLibraries.a(ucg_dev_ic_st7735.o)
                0x08002cb0                ucg_handle_st7735_l90fx
 .text.ucg_handle_st7735_l90se
                0x08002d88      0x154 D:\2_Learning\1_FUNIX Course\IOT302x\SDK_1.0.3_NUCLEO-F401RE\lib_stm\libLibraries.a(ucg_dev_ic_st7735.o)
                0x08002d88                ucg_handle_st7735_l90se
 .text.ucg_dev_ic_st7735_18
                0x08002edc       0xf8 D:\2_Learning\1_FUNIX Course\IOT302x\SDK_1.0.3_NUCLEO-F401RE\lib_stm\libLibraries.a(ucg_dev_ic_st7735.o)
                0x08002edc                ucg_dev_ic_st7735_18
 .text.ucg_ext_st7735_18
                0x08002fd4       0x28 D:\2_Learning\1_FUNIX Course\IOT302x\SDK_1.0.3_NUCLEO-F401RE\lib_stm\libLibraries.a(ucg_dev_ic_st7735.o)
                0x08002fd4                ucg_ext_st7735_18
 .text.ucg_PowerDown
                0x08002ffc       0x34 D:\2_Learning\1_FUNIX Course\IOT302x\SDK_1.0.3_NUCLEO-F401RE\lib_stm\libLibraries.a(ucg_dev_msg_api.o)
                0x08002ffc                ucg_PowerDown
 .text.ucg_PowerUp
                0x08003030       0x3c D:\2_Learning\1_FUNIX Course\IOT302x\SDK_1.0.3_NUCLEO-F401RE\lib_stm\libLibraries.a(ucg_dev_msg_api.o)
                0x08003030                ucg_PowerUp
 .text.ucg_SetClipBox
                0x0800306c       0x1e D:\2_Learning\1_FUNIX Course\IOT302x\SDK_1.0.3_NUCLEO-F401RE\lib_stm\libLibraries.a(ucg_dev_msg_api.o)
                0x0800306c                ucg_SetClipBox
 .text.ucg_SetMaxClipRange
                0x0800308a       0x30 D:\2_Learning\1_FUNIX Course\IOT302x\SDK_1.0.3_NUCLEO-F401RE\lib_stm\libLibraries.a(ucg_dev_msg_api.o)
                0x0800308a                ucg_SetMaxClipRange
 .text.ucg_GetDimension
                0x080030ba       0x24 D:\2_Learning\1_FUNIX Course\IOT302x\SDK_1.0.3_NUCLEO-F401RE\lib_stm\libLibraries.a(ucg_dev_msg_api.o)
                0x080030ba                ucg_GetDimension
 .text.ucg_DrawL90FXWithArg
                0x080030de       0x1e D:\2_Learning\1_FUNIX Course\IOT302x\SDK_1.0.3_NUCLEO-F401RE\lib_stm\libLibraries.a(ucg_dev_msg_api.o)
                0x080030de                ucg_DrawL90FXWithArg
 .text.ucg_dev_st7735_18x128x128
                0x080030fc       0x80 D:\2_Learning\1_FUNIX Course\IOT302x\SDK_1.0.3_NUCLEO-F401RE\lib_stm\libLibraries.a(ucg_dev_tft_128x128_st7735.o)
                0x080030fc                ucg_dev_st7735_18x128x128
 .text.ucg_font_get_byte
                0x0800317c       0x24 D:\2_Learning\1_FUNIX Course\IOT302x\SDK_1.0.3_NUCLEO-F401RE\lib_stm\libLibraries.a(ucg_font.o)
 .text.ucg_font_get_word
                0x080031a0       0x40 D:\2_Learning\1_FUNIX Course\IOT302x\SDK_1.0.3_NUCLEO-F401RE\lib_stm\libLibraries.a(ucg_font.o)
 .text.ucg_read_font_info
                0x080031e0      0x142 D:\2_Learning\1_FUNIX Course\IOT302x\SDK_1.0.3_NUCLEO-F401RE\lib_stm\libLibraries.a(ucg_font.o)
                0x080031e0                ucg_read_font_info
 .text.ucg_font_decode_get_unsigned_bits
                0x08003322       0x96 D:\2_Learning\1_FUNIX Course\IOT302x\SDK_1.0.3_NUCLEO-F401RE\lib_stm\libLibraries.a(ucg_font.o)
                0x08003322                ucg_font_decode_get_unsigned_bits
 .text.ucg_font_decode_get_signed_bits
                0x080033b8       0x46 D:\2_Learning\1_FUNIX Course\IOT302x\SDK_1.0.3_NUCLEO-F401RE\lib_stm\libLibraries.a(ucg_font.o)
                0x080033b8                ucg_font_decode_get_signed_bits
 .text.ucg_add_vector_y
                0x080033fe       0x7a D:\2_Learning\1_FUNIX Course\IOT302x\SDK_1.0.3_NUCLEO-F401RE\lib_stm\libLibraries.a(ucg_font.o)
 .text.ucg_add_vector_x
                0x08003478       0x7a D:\2_Learning\1_FUNIX Course\IOT302x\SDK_1.0.3_NUCLEO-F401RE\lib_stm\libLibraries.a(ucg_font.o)
 .text.ucg_font_decode_len
                0x080034f2      0x118 D:\2_Learning\1_FUNIX Course\IOT302x\SDK_1.0.3_NUCLEO-F401RE\lib_stm\libLibraries.a(ucg_font.o)
                0x080034f2                ucg_font_decode_len
 .text.ucg_font_setup_decode
                0x0800360a       0x64 D:\2_Learning\1_FUNIX Course\IOT302x\SDK_1.0.3_NUCLEO-F401RE\lib_stm\libLibraries.a(ucg_font.o)
 .text.ucg_font_decode_glyph
                0x0800366e      0x14c D:\2_Learning\1_FUNIX Course\IOT302x\SDK_1.0.3_NUCLEO-F401RE\lib_stm\libLibraries.a(ucg_font.o)
                0x0800366e                ucg_font_decode_glyph
 .text.ucg_font_get_glyph_data
                0x080037ba       0x7a D:\2_Learning\1_FUNIX Course\IOT302x\SDK_1.0.3_NUCLEO-F401RE\lib_stm\libLibraries.a(ucg_font.o)
                0x080037ba                ucg_font_get_glyph_data
 .text.ucg_font_draw_glyph
                0x08003834       0x62 D:\2_Learning\1_FUNIX Course\IOT302x\SDK_1.0.3_NUCLEO-F401RE\lib_stm\libLibraries.a(ucg_font.o)
                0x08003834                ucg_font_draw_glyph
 .text.ucg_SetFontMode
                0x08003896       0x20 D:\2_Learning\1_FUNIX Course\IOT302x\SDK_1.0.3_NUCLEO-F401RE\lib_stm\libLibraries.a(ucg_font.o)
                0x08003896                ucg_SetFontMode
 *fill*         0x080038b6        0x2 
 .text.ucg_DrawGlyph
                0x080038b8       0xb0 D:\2_Learning\1_FUNIX Course\IOT302x\SDK_1.0.3_NUCLEO-F401RE\lib_stm\libLibraries.a(ucg_font.o)
                0x080038b8                ucg_DrawGlyph
 .text.task_drawString
                0x08003968      0x138 D:\2_Learning\1_FUNIX Course\IOT302x\SDK_1.0.3_NUCLEO-F401RE\lib_stm\libLibraries.a(ucg_font.o)
                0x08003968                task_drawString
 .text.ucg_DrawString
                0x08003aa0       0x78 D:\2_Learning\1_FUNIX Course\IOT302x\SDK_1.0.3_NUCLEO-F401RE\lib_stm\libLibraries.a(ucg_font.o)
                0x08003aa0                ucg_DrawString
 .text.ucg_UpdateRefHeight
                0x08003b18       0xd8 D:\2_Learning\1_FUNIX Course\IOT302x\SDK_1.0.3_NUCLEO-F401RE\lib_stm\libLibraries.a(ucg_font.o)
                0x08003b18                ucg_UpdateRefHeight
 .text.ucg_font_calc_vref_font
                0x08003bf0       0x16 D:\2_Learning\1_FUNIX Course\IOT302x\SDK_1.0.3_NUCLEO-F401RE\lib_stm\libLibraries.a(ucg_font.o)
                0x08003bf0                ucg_font_calc_vref_font
 *fill*         0x08003c06        0x2 
 .text.ucg_SetFontPosBaseline
                0x08003c08       0x20 D:\2_Learning\1_FUNIX Course\IOT302x\SDK_1.0.3_NUCLEO-F401RE\lib_stm\libLibraries.a(ucg_font.o)
                0x08003c08                ucg_SetFontPosBaseline
 .text.ucg_SetFont
                0x08003c28       0x4c D:\2_Learning\1_FUNIX Course\IOT302x\SDK_1.0.3_NUCLEO-F401RE\lib_stm\libLibraries.a(ucg_font.o)
                0x08003c28                ucg_SetFont
 .text.ucg_init_struct
                0x08003c74       0x50 D:\2_Learning\1_FUNIX Course\IOT302x\SDK_1.0.3_NUCLEO-F401RE\lib_stm\libLibraries.a(ucg_init.o)
                0x08003c74                ucg_init_struct
 .text.ucg_Init
                0x08003cc4       0x5c D:\2_Learning\1_FUNIX Course\IOT302x\SDK_1.0.3_NUCLEO-F401RE\lib_stm\libLibraries.a(ucg_init.o)
                0x08003cc4                ucg_Init
 .text.ucg_Draw90Line
                0x08003d20       0x88 D:\2_Learning\1_FUNIX Course\IOT302x\SDK_1.0.3_NUCLEO-F401RE\lib_stm\libLibraries.a(ucg_line.o)
                0x08003d20                ucg_Draw90Line
 .text.ucg_DrawHLine
                0x08003da8       0x3e D:\2_Learning\1_FUNIX Course\IOT302x\SDK_1.0.3_NUCLEO-F401RE\lib_stm\libLibraries.a(ucg_line.o)
                0x08003da8                ucg_DrawHLine
 .text.ucg_SetColor
                0x08003de6       0x5c D:\2_Learning\1_FUNIX Course\IOT302x\SDK_1.0.3_NUCLEO-F401RE\lib_stm\libLibraries.a(ucg_pixel.o)
                0x08003de6                ucg_SetColor
 .text.ucg_UndoRotate
                0x08003e42       0x32 D:\2_Learning\1_FUNIX Course\IOT302x\SDK_1.0.3_NUCLEO-F401RE\lib_stm\libLibraries.a(ucg_rotate.o)
                0x08003e42                ucg_UndoRotate
 .text.ucg_rotate_180_xy
                0x08003e74       0x66 D:\2_Learning\1_FUNIX Course\IOT302x\SDK_1.0.3_NUCLEO-F401RE\lib_stm\libLibraries.a(ucg_rotate.o)
 *fill*         0x08003eda        0x2 
 .text.ucg_dev_rotate180
                0x08003edc      0x100 D:\2_Learning\1_FUNIX Course\IOT302x\SDK_1.0.3_NUCLEO-F401RE\lib_stm\libLibraries.a(ucg_rotate.o)
                0x08003edc                ucg_dev_rotate180
 .text.ucg_SetRotate180
                0x08003fdc       0x34 D:\2_Learning\1_FUNIX Course\IOT302x\SDK_1.0.3_NUCLEO-F401RE\lib_stm\libLibraries.a(ucg_rotate.o)
                0x08003fdc                ucg_SetRotate180
 .text.bufInit  0x08004010       0x36 D:\2_Learning\1_FUNIX Course\IOT302x\SDK_1.0.3_NUCLEO-F401RE\lib_stm\libLibraries.a(buff.o)
                0x08004010                bufInit
 .text.bufNumItems
                0x08004046       0x18 D:\2_Learning\1_FUNIX Course\IOT302x\SDK_1.0.3_NUCLEO-F401RE\lib_stm\libLibraries.a(buff.o)
                0x08004046                bufNumItems
 .text.bufIsFull
                0x0800405e       0x26 D:\2_Learning\1_FUNIX Course\IOT302x\SDK_1.0.3_NUCLEO-F401RE\lib_stm\libLibraries.a(buff.o)
                0x0800405e                bufIsFull
 .text.bufIsEmpty
                0x08004084       0x26 D:\2_Learning\1_FUNIX Course\IOT302x\SDK_1.0.3_NUCLEO-F401RE\lib_stm\libLibraries.a(buff.o)
                0x08004084                bufIsEmpty
 .text.bufFlush
                0x080040aa       0x32 D:\2_Learning\1_FUNIX Course\IOT302x\SDK_1.0.3_NUCLEO-F401RE\lib_stm\libLibraries.a(buff.o)
                0x080040aa                bufFlush
 .text.bufEnDat
                0x080040dc       0x9c D:\2_Learning\1_FUNIX Course\IOT302x\SDK_1.0.3_NUCLEO-F401RE\lib_stm\libLibraries.a(buff.o)
                0x080040dc                bufEnDat
 .text.bufDeDat
                0x08004178       0x84 D:\2_Learning\1_FUNIX Course\IOT302x\SDK_1.0.3_NUCLEO-F401RE\lib_stm\libLibraries.a(buff.o)
                0x08004178                bufDeDat
 .text.memsetl  0x080041fc       0x32 D:\2_Learning\1_FUNIX Course\IOT302x\SDK_1.0.3_NUCLEO-F401RE\lib_stm\libLibraries.a(utilities.o)
                0x080041fc                memsetl
 *fill*         0x0800422e        0x2 
 .text.NVIC_PriorityGroupConfig
                0x08004230       0x28 D:\2_Learning\1_FUNIX Course\IOT302x\SDK_1.0.3_NUCLEO-F401RE\lib_stm\libLibraries.a(misc.o)
                0x08004230                NVIC_PriorityGroupConfig
 .text.NVIC_Init
                0x08004258       0xc4 D:\2_Learning\1_FUNIX Course\IOT302x\SDK_1.0.3_NUCLEO-F401RE\lib_stm\libLibraries.a(misc.o)
                0x08004258                NVIC_Init
 .text.ADC_DeInit
                0x0800431c       0x1c D:\2_Learning\1_FUNIX Course\IOT302x\SDK_1.0.3_NUCLEO-F401RE\lib_stm\libLibraries.a(stm32f401re_adc.o)
                0x0800431c                ADC_DeInit
 .text.ADC_Init
                0x08004338       0xac D:\2_Learning\1_FUNIX Course\IOT302x\SDK_1.0.3_NUCLEO-F401RE\lib_stm\libLibraries.a(stm32f401re_adc.o)
                0x08004338                ADC_Init
 .text.ADC_CommonInit
                0x080043e4       0x50 D:\2_Learning\1_FUNIX Course\IOT302x\SDK_1.0.3_NUCLEO-F401RE\lib_stm\libLibraries.a(stm32f401re_adc.o)
                0x080043e4                ADC_CommonInit
 .text.ADC_Cmd  0x08004434       0x38 D:\2_Learning\1_FUNIX Course\IOT302x\SDK_1.0.3_NUCLEO-F401RE\lib_stm\libLibraries.a(stm32f401re_adc.o)
                0x08004434                ADC_Cmd
 .text.ADC_RegularChannelConfig
                0x0800446c      0x194 D:\2_Learning\1_FUNIX Course\IOT302x\SDK_1.0.3_NUCLEO-F401RE\lib_stm\libLibraries.a(stm32f401re_adc.o)
                0x0800446c                ADC_RegularChannelConfig
 .text.ADC_SoftwareStartConv
                0x08004600       0x20 D:\2_Learning\1_FUNIX Course\IOT302x\SDK_1.0.3_NUCLEO-F401RE\lib_stm\libLibraries.a(stm32f401re_adc.o)
                0x08004600                ADC_SoftwareStartConv
 .text.ADC_EOCOnEachRegularChannelCmd
                0x08004620       0x38 D:\2_Learning\1_FUNIX Course\IOT302x\SDK_1.0.3_NUCLEO-F401RE\lib_stm\libLibraries.a(stm32f401re_adc.o)
                0x08004620                ADC_EOCOnEachRegularChannelCmd
 .text.ADC_ContinuousModeCmd
                0x08004658       0x38 D:\2_Learning\1_FUNIX Course\IOT302x\SDK_1.0.3_NUCLEO-F401RE\lib_stm\libLibraries.a(stm32f401re_adc.o)
                0x08004658                ADC_ContinuousModeCmd
 .text.ADC_DiscModeChannelCountConfig
                0x08004690       0x44 D:\2_Learning\1_FUNIX Course\IOT302x\SDK_1.0.3_NUCLEO-F401RE\lib_stm\libLibraries.a(stm32f401re_adc.o)
                0x08004690                ADC_DiscModeChannelCountConfig
 .text.ADC_DiscModeCmd
                0x080046d4       0x38 D:\2_Learning\1_FUNIX Course\IOT302x\SDK_1.0.3_NUCLEO-F401RE\lib_stm\libLibraries.a(stm32f401re_adc.o)
                0x080046d4                ADC_DiscModeCmd
 .text.ADC_DMACmd
                0x0800470c       0x38 D:\2_Learning\1_FUNIX Course\IOT302x\SDK_1.0.3_NUCLEO-F401RE\lib_stm\libLibraries.a(stm32f401re_adc.o)
                0x0800470c                ADC_DMACmd
 .text.ADC_DMARequestAfterLastTransferCmd
                0x08004744       0x38 D:\2_Learning\1_FUNIX Course\IOT302x\SDK_1.0.3_NUCLEO-F401RE\lib_stm\libLibraries.a(stm32f401re_adc.o)
                0x08004744                ADC_DMARequestAfterLastTransferCmd
 .text.DMA_DeInit
                0x0800477c      0x1a8 D:\2_Learning\1_FUNIX Course\IOT302x\SDK_1.0.3_NUCLEO-F401RE\lib_stm\libLibraries.a(stm32f401re_dma.o)
                0x0800477c                DMA_DeInit
 .text.DMA_Init
                0x08004924       0xb0 D:\2_Learning\1_FUNIX Course\IOT302x\SDK_1.0.3_NUCLEO-F401RE\lib_stm\libLibraries.a(stm32f401re_dma.o)
                0x08004924                DMA_Init
 .text.DMA_Cmd  0x080049d4       0x38 D:\2_Learning\1_FUNIX Course\IOT302x\SDK_1.0.3_NUCLEO-F401RE\lib_stm\libLibraries.a(stm32f401re_dma.o)
                0x080049d4                DMA_Cmd
 .text.GPIO_Init
                0x08004a0c      0x11c D:\2_Learning\1_FUNIX Course\IOT302x\SDK_1.0.3_NUCLEO-F401RE\lib_stm\libLibraries.a(stm32f401re_gpio.o)
                0x08004a0c                GPIO_Init
 .text.GPIO_ReadInputDataBit
                0x08004b28       0x34 D:\2_Learning\1_FUNIX Course\IOT302x\SDK_1.0.3_NUCLEO-F401RE\lib_stm\libLibraries.a(stm32f401re_gpio.o)
                0x08004b28                GPIO_ReadInputDataBit
 .text.GPIO_SetBits
                0x08004b5c       0x1e D:\2_Learning\1_FUNIX Course\IOT302x\SDK_1.0.3_NUCLEO-F401RE\lib_stm\libLibraries.a(stm32f401re_gpio.o)
                0x08004b5c                GPIO_SetBits
 .text.GPIO_ResetBits
                0x08004b7a       0x1e D:\2_Learning\1_FUNIX Course\IOT302x\SDK_1.0.3_NUCLEO-F401RE\lib_stm\libLibraries.a(stm32f401re_gpio.o)
                0x08004b7a                GPIO_ResetBits
 .text.GPIO_WriteBit
                0x08004b98       0x30 D:\2_Learning\1_FUNIX Course\IOT302x\SDK_1.0.3_NUCLEO-F401RE\lib_stm\libLibraries.a(stm32f401re_gpio.o)
                0x08004b98                GPIO_WriteBit
 .text.GPIO_PinAFConfig
                0x08004bc8       0x92 D:\2_Learning\1_FUNIX Course\IOT302x\SDK_1.0.3_NUCLEO-F401RE\lib_stm\libLibraries.a(stm32f401re_gpio.o)
                0x08004bc8                GPIO_PinAFConfig
 *fill*         0x08004c5a        0x2 
 .text.I2C_Init
                0x08004c5c      0x184 D:\2_Learning\1_FUNIX Course\IOT302x\SDK_1.0.3_NUCLEO-F401RE\lib_stm\libLibraries.a(stm32f401re_i2c.o)
                0x08004c5c                I2C_Init
 .text.I2C_Cmd  0x08004de0       0x40 D:\2_Learning\1_FUNIX Course\IOT302x\SDK_1.0.3_NUCLEO-F401RE\lib_stm\libLibraries.a(stm32f401re_i2c.o)
                0x08004de0                I2C_Cmd
 .text.I2C_GenerateSTART
                0x08004e20       0x40 D:\2_Learning\1_FUNIX Course\IOT302x\SDK_1.0.3_NUCLEO-F401RE\lib_stm\libLibraries.a(stm32f401re_i2c.o)
                0x08004e20                I2C_GenerateSTART
 .text.I2C_GenerateSTOP
                0x08004e60       0x40 D:\2_Learning\1_FUNIX Course\IOT302x\SDK_1.0.3_NUCLEO-F401RE\lib_stm\libLibraries.a(stm32f401re_i2c.o)
                0x08004e60                I2C_GenerateSTOP
 .text.I2C_Send7bitAddress
                0x08004ea0       0x3c D:\2_Learning\1_FUNIX Course\IOT302x\SDK_1.0.3_NUCLEO-F401RE\lib_stm\libLibraries.a(stm32f401re_i2c.o)
                0x08004ea0                I2C_Send7bitAddress
 .text.I2C_AcknowledgeConfig
                0x08004edc       0x40 D:\2_Learning\1_FUNIX Course\IOT302x\SDK_1.0.3_NUCLEO-F401RE\lib_stm\libLibraries.a(stm32f401re_i2c.o)
                0x08004edc                I2C_AcknowledgeConfig
 .text.I2C_SendData
                0x08004f1c       0x20 D:\2_Learning\1_FUNIX Course\IOT302x\SDK_1.0.3_NUCLEO-F401RE\lib_stm\libLibraries.a(stm32f401re_i2c.o)
                0x08004f1c                I2C_SendData
 .text.I2C_ReceiveData
                0x08004f3c       0x1c D:\2_Learning\1_FUNIX Course\IOT302x\SDK_1.0.3_NUCLEO-F401RE\lib_stm\libLibraries.a(stm32f401re_i2c.o)
                0x08004f3c                I2C_ReceiveData
 .text.I2C_CheckEvent
                0x08004f58       0x60 D:\2_Learning\1_FUNIX Course\IOT302x\SDK_1.0.3_NUCLEO-F401RE\lib_stm\libLibraries.a(stm32f401re_i2c.o)
                0x08004f58                I2C_CheckEvent
 .text.I2C_GetFlagStatus
                0x08004fb8       0x66 D:\2_Learning\1_FUNIX Course\IOT302x\SDK_1.0.3_NUCLEO-F401RE\lib_stm\libLibraries.a(stm32f401re_i2c.o)
                0x08004fb8                I2C_GetFlagStatus
 *fill*         0x0800501e        0x2 
 .text.RCC_GetClocksFreq
                0x08005020      0x150 D:\2_Learning\1_FUNIX Course\IOT302x\SDK_1.0.3_NUCLEO-F401RE\lib_stm\libLibraries.a(stm32f401re_rcc.o)
                0x08005020                RCC_GetClocksFreq
 .text.RCC_AHB1PeriphClockCmd
                0x08005170       0x40 D:\2_Learning\1_FUNIX Course\IOT302x\SDK_1.0.3_NUCLEO-F401RE\lib_stm\libLibraries.a(stm32f401re_rcc.o)
                0x08005170                RCC_AHB1PeriphClockCmd
 .text.RCC_APB1PeriphClockCmd
                0x080051b0       0x40 D:\2_Learning\1_FUNIX Course\IOT302x\SDK_1.0.3_NUCLEO-F401RE\lib_stm\libLibraries.a(stm32f401re_rcc.o)
                0x080051b0                RCC_APB1PeriphClockCmd
 .text.RCC_APB2PeriphClockCmd
                0x080051f0       0x40 D:\2_Learning\1_FUNIX Course\IOT302x\SDK_1.0.3_NUCLEO-F401RE\lib_stm\libLibraries.a(stm32f401re_rcc.o)
                0x080051f0                RCC_APB2PeriphClockCmd
 .text.RCC_APB2PeriphResetCmd
                0x08005230       0x40 D:\2_Learning\1_FUNIX Course\IOT302x\SDK_1.0.3_NUCLEO-F401RE\lib_stm\libLibraries.a(stm32f401re_rcc.o)
                0x08005230                RCC_APB2PeriphResetCmd
 .text.TIM_TimeBaseInit
                0x08005270       0xd8 D:\2_Learning\1_FUNIX Course\IOT302x\SDK_1.0.3_NUCLEO-F401RE\lib_stm\libLibraries.a(stm32f401re_tim.o)
                0x08005270                TIM_TimeBaseInit
 .text.TIM_Cmd  0x08005348       0x40 D:\2_Learning\1_FUNIX Course\IOT302x\SDK_1.0.3_NUCLEO-F401RE\lib_stm\libLibraries.a(stm32f401re_tim.o)
                0x08005348                TIM_Cmd
 .text.TIM_OC1Init
                0x08005388       0xf4 D:\2_Learning\1_FUNIX Course\IOT302x\SDK_1.0.3_NUCLEO-F401RE\lib_stm\libLibraries.a(stm32f401re_tim.o)
                0x08005388                TIM_OC1Init
 .text.TIM_OC2Init
                0x0800547c      0x110 D:\2_Learning\1_FUNIX Course\IOT302x\SDK_1.0.3_NUCLEO-F401RE\lib_stm\libLibraries.a(stm32f401re_tim.o)
                0x0800547c                TIM_OC2Init
 .text.TIM_OC3Init
                0x0800558c      0x10c D:\2_Learning\1_FUNIX Course\IOT302x\SDK_1.0.3_NUCLEO-F401RE\lib_stm\libLibraries.a(stm32f401re_tim.o)
                0x0800558c                TIM_OC3Init
 .text.TIM_OC4Init
                0x08005698       0xd0 D:\2_Learning\1_FUNIX Course\IOT302x\SDK_1.0.3_NUCLEO-F401RE\lib_stm\libLibraries.a(stm32f401re_tim.o)
                0x08005698                TIM_OC4Init
 .text.TIM_SetCompare1
                0x08005768       0x1c D:\2_Learning\1_FUNIX Course\IOT302x\SDK_1.0.3_NUCLEO-F401RE\lib_stm\libLibraries.a(stm32f401re_tim.o)
                0x08005768                TIM_SetCompare1
 .text.TIM_SetCompare2
                0x08005784       0x1c D:\2_Learning\1_FUNIX Course\IOT302x\SDK_1.0.3_NUCLEO-F401RE\lib_stm\libLibraries.a(stm32f401re_tim.o)
                0x08005784                TIM_SetCompare2
 .text.TIM_SetCompare3
                0x080057a0       0x1c D:\2_Learning\1_FUNIX Course\IOT302x\SDK_1.0.3_NUCLEO-F401RE\lib_stm\libLibraries.a(stm32f401re_tim.o)
                0x080057a0                TIM_SetCompare3
 .text.TIM_SetCompare4
                0x080057bc       0x1c D:\2_Learning\1_FUNIX Course\IOT302x\SDK_1.0.3_NUCLEO-F401RE\lib_stm\libLibraries.a(stm32f401re_tim.o)
                0x080057bc                TIM_SetCompare4
 .text.TIM_CtrlPWMOutputs
                0x080057d8       0x4c D:\2_Learning\1_FUNIX Course\IOT302x\SDK_1.0.3_NUCLEO-F401RE\lib_stm\libLibraries.a(stm32f401re_tim.o)
                0x080057d8                TIM_CtrlPWMOutputs
 .text.USART_Init
                0x08005824      0x174 D:\2_Learning\1_FUNIX Course\IOT302x\SDK_1.0.3_NUCLEO-F401RE\lib_stm\libLibraries.a(stm32f401re_usart.o)
                0x08005824                USART_Init
 .text.USART_Cmd
                0x08005998       0x40 D:\2_Learning\1_FUNIX Course\IOT302x\SDK_1.0.3_NUCLEO-F401RE\lib_stm\libLibraries.a(stm32f401re_usart.o)
                0x08005998                USART_Cmd
 .text.USART_SendData
                0x080059d8       0x24 D:\2_Learning\1_FUNIX Course\IOT302x\SDK_1.0.3_NUCLEO-F401RE\lib_stm\libLibraries.a(stm32f401re_usart.o)
                0x080059d8                USART_SendData
 .text.USART_ReceiveData
                0x080059fc       0x20 D:\2_Learning\1_FUNIX Course\IOT302x\SDK_1.0.3_NUCLEO-F401RE\lib_stm\libLibraries.a(stm32f401re_usart.o)
                0x080059fc                USART_ReceiveData
 .text.USART_ITConfig
                0x08005a1c       0x90 D:\2_Learning\1_FUNIX Course\IOT302x\SDK_1.0.3_NUCLEO-F401RE\lib_stm\libLibraries.a(stm32f401re_usart.o)
                0x08005a1c                USART_ITConfig
 .text.USART_GetFlagStatus
                0x08005aac       0x38 D:\2_Learning\1_FUNIX Course\IOT302x\SDK_1.0.3_NUCLEO-F401RE\lib_stm\libLibraries.a(stm32f401re_usart.o)
                0x08005aac                USART_GetFlagStatus
 .text.USART_GetITStatus
                0x08005ae4       0xb6 D:\2_Learning\1_FUNIX Course\IOT302x\SDK_1.0.3_NUCLEO-F401RE\lib_stm\libLibraries.a(stm32f401re_usart.o)
                0x08005ae4                USART_GetITStatus
 .text.USART_ClearITPendingBit
                0x08005b9a       0x3a D:\2_Learning\1_FUNIX Course\IOT302x\SDK_1.0.3_NUCLEO-F401RE\lib_stm\libLibraries.a(stm32f401re_usart.o)
                0x08005b9a                USART_ClearITPendingBit
 .text.Button_Init
                0x08005bd4       0xbc D:\2_Learning\1_FUNIX Course\IOT302x\SDK_1.0.3_NUCLEO-F401RE\lib_stm\libLibraries.a(button.o)
                0x08005bd4                Button_Init
 .text.Button_SetMode
                0x08005c90       0x3c D:\2_Learning\1_FUNIX Course\IOT302x\SDK_1.0.3_NUCLEO-F401RE\lib_stm\libLibraries.a(button.o)
                0x08005c90                Button_SetMode
 .text.Button_RegisterEventCallback
                0x08005ccc       0x28 D:\2_Learning\1_FUNIX Course\IOT302x\SDK_1.0.3_NUCLEO-F401RE\lib_stm\libLibraries.a(button.o)
                0x08005ccc                Button_RegisterEventCallback
 .text.ButtonScanTypeEdge
                0x08005cf4      0x1fc D:\2_Learning\1_FUNIX Course\IOT302x\SDK_1.0.3_NUCLEO-F401RE\lib_stm\libLibraries.a(button.o)
 .text.ButtonScan
                0x08005ef0       0x4c D:\2_Learning\1_FUNIX Course\IOT302x\SDK_1.0.3_NUCLEO-F401RE\lib_stm\libLibraries.a(button.o)
 .text.BTNGPIO_Init
                0x08005f3c       0x6c D:\2_Learning\1_FUNIX Course\IOT302x\SDK_1.0.3_NUCLEO-F401RE\lib_stm\libLibraries.a(button.o)
 .text.ucg_clip_is_x_visible
                0x08005fa8       0x4a D:\2_Learning\1_FUNIX Course\IOT302x\SDK_1.0.3_NUCLEO-F401RE\lib_stm\libLibraries.a(ucg_clip.o)
 .text.ucg_clip_is_y_visible
                0x08005ff2       0x4a D:\2_Learning\1_FUNIX Course\IOT302x\SDK_1.0.3_NUCLEO-F401RE\lib_stm\libLibraries.a(ucg_clip.o)
 .text.ucg_clip_intersection
                0x0800603c       0x74 D:\2_Learning\1_FUNIX Course\IOT302x\SDK_1.0.3_NUCLEO-F401RE\lib_stm\libLibraries.a(ucg_clip.o)
 .text.ucg_clip_is_pixel_visible
                0x080060b0       0x32 D:\2_Learning\1_FUNIX Course\IOT302x\SDK_1.0.3_NUCLEO-F401RE\lib_stm\libLibraries.a(ucg_clip.o)
                0x080060b0                ucg_clip_is_pixel_visible
 *fill*         0x080060e2        0x2 
 .text.ucg_clip_l90fx
                0x080060e4      0x300 D:\2_Learning\1_FUNIX Course\IOT302x\SDK_1.0.3_NUCLEO-F401RE\lib_stm\libLibraries.a(ucg_clip.o)
                0x080060e4                ucg_clip_l90fx
 .text.ucg_clip_l90se
                0x080063e4       0x54 D:\2_Learning\1_FUNIX Course\IOT302x\SDK_1.0.3_NUCLEO-F401RE\lib_stm\libLibraries.a(ucg_clip.o)
                0x080063e4                ucg_clip_l90se
 .text.ucg_com_PowerDown
                0x08006438       0x3e D:\2_Learning\1_FUNIX Course\IOT302x\SDK_1.0.3_NUCLEO-F401RE\lib_stm\libLibraries.a(ucg_com_msg_api.o)
                0x08006438                ucg_com_PowerDown
 .text.ucg_com_PowerUp
                0x08006476       0x60 D:\2_Learning\1_FUNIX Course\IOT302x\SDK_1.0.3_NUCLEO-F401RE\lib_stm\libLibraries.a(ucg_com_msg_api.o)
                0x08006476                ucg_com_PowerUp
 .text.ucg_com_SetLineStatus
                0x080064d6       0xe2 D:\2_Learning\1_FUNIX Course\IOT302x\SDK_1.0.3_NUCLEO-F401RE\lib_stm\libLibraries.a(ucg_com_msg_api.o)
                0x080064d6                ucg_com_SetLineStatus
 .text.ucg_com_SetResetLineStatus
                0x080065b8       0x20 D:\2_Learning\1_FUNIX Course\IOT302x\SDK_1.0.3_NUCLEO-F401RE\lib_stm\libLibraries.a(ucg_com_msg_api.o)
                0x080065b8                ucg_com_SetResetLineStatus
 .text.ucg_com_SetCSLineStatus
                0x080065d8       0x20 D:\2_Learning\1_FUNIX Course\IOT302x\SDK_1.0.3_NUCLEO-F401RE\lib_stm\libLibraries.a(ucg_com_msg_api.o)
                0x080065d8                ucg_com_SetCSLineStatus
 .text.ucg_com_SetCDLineStatus
                0x080065f8       0x20 D:\2_Learning\1_FUNIX Course\IOT302x\SDK_1.0.3_NUCLEO-F401RE\lib_stm\libLibraries.a(ucg_com_msg_api.o)
                0x080065f8                ucg_com_SetCDLineStatus
 .text.ucg_com_DelayMicroseconds
                0x08006618       0x22 D:\2_Learning\1_FUNIX Course\IOT302x\SDK_1.0.3_NUCLEO-F401RE\lib_stm\libLibraries.a(ucg_com_msg_api.o)
                0x08006618                ucg_com_DelayMicroseconds
 .text.ucg_com_DelayMilliseconds
                0x0800663a       0x2c D:\2_Learning\1_FUNIX Course\IOT302x\SDK_1.0.3_NUCLEO-F401RE\lib_stm\libLibraries.a(ucg_com_msg_api.o)
                0x0800663a                ucg_com_DelayMilliseconds
 .text.ucg_com_SendByte
                0x08006666       0x24 D:\2_Learning\1_FUNIX Course\IOT302x\SDK_1.0.3_NUCLEO-F401RE\lib_stm\libLibraries.a(ucg_com_msg_api.o)
                0x08006666                ucg_com_SendByte
 .text.ucg_com_SendStringP
                0x0800668a       0x40 D:\2_Learning\1_FUNIX Course\IOT302x\SDK_1.0.3_NUCLEO-F401RE\lib_stm\libLibraries.a(ucg_com_msg_api.o)
                0x0800668a                ucg_com_SendStringP
 .text.ucg_com_SendCmdArg
                0x080066ca       0x74 D:\2_Learning\1_FUNIX Course\IOT302x\SDK_1.0.3_NUCLEO-F401RE\lib_stm\libLibraries.a(ucg_com_msg_api.o)
 *fill*         0x0800673e        0x2 
 .text.ucg_com_SendCmdSeq
                0x08006740      0x278 D:\2_Learning\1_FUNIX Course\IOT302x\SDK_1.0.3_NUCLEO-F401RE\lib_stm\libLibraries.a(ucg_com_msg_api.o)
                0x08006740                ucg_com_SendCmdSeq
 .text.sprintf  0x080069b8       0x44 C:/ST/STM32CubeIDE_1.19.0/STM32CubeIDE/plugins/com.st.stm32cube.ide.mcu.externaltools.gnu-tools-for-stm32.13.3.rel1.win32_1.0.0.202411081344/tools/bin/../lib/gcc/arm-none-eabi/13.3.1/../../../../arm-none-eabi/lib/thumb/v7e-m+fp/hard\libc_nano.a(libc_a-sprintf.o)
                0x080069b8                siprintf
                0x080069b8                sprintf
 .text.strncpy  0x080069fc       0x26 C:/ST/STM32CubeIDE_1.19.0/STM32CubeIDE/plugins/com.st.stm32cube.ide.mcu.externaltools.gnu-tools-for-stm32.13.3.rel1.win32_1.0.0.202411081344/tools/bin/../lib/gcc/arm-none-eabi/13.3.1/../../../../arm-none-eabi/lib/thumb/v7e-m+fp/hard\libc_nano.a(libc_a-strncpy.o)
                0x080069fc                strncpy
 *fill*         0x08006a22        0x2 
 .text.__errno  0x08006a24        0xc C:/ST/STM32CubeIDE_1.19.0/STM32CubeIDE/plugins/com.st.stm32cube.ide.mcu.externaltools.gnu-tools-for-stm32.13.3.rel1.win32_1.0.0.202411081344/tools/bin/../lib/gcc/arm-none-eabi/13.3.1/../../../../arm-none-eabi/lib/thumb/v7e-m+fp/hard\libc_nano.a(libc_a-errno.o)
                0x08006a24                __errno
 .text.__libc_init_array
                0x08006a30       0x48 C:/ST/STM32CubeIDE_1.19.0/STM32CubeIDE/plugins/com.st.stm32cube.ide.mcu.externaltools.gnu-tools-for-stm32.13.3.rel1.win32_1.0.0.202411081344/tools/bin/../lib/gcc/arm-none-eabi/13.3.1/../../../../arm-none-eabi/lib/thumb/v7e-m+fp/hard\libc_nano.a(libc_a-init.o)
                0x08006a30                __libc_init_array
 .text.__retarget_lock_acquire_recursive
                0x08006a78        0x2 C:/ST/STM32CubeIDE_1.19.0/STM32CubeIDE/plugins/com.st.stm32cube.ide.mcu.externaltools.gnu-tools-for-stm32.13.3.rel1.win32_1.0.0.202411081344/tools/bin/../lib/gcc/arm-none-eabi/13.3.1/../../../../arm-none-eabi/lib/thumb/v7e-m+fp/hard\libc_nano.a(libc_a-lock.o)
                0x08006a78                __retarget_lock_acquire_recursive
 .text.__retarget_lock_release_recursive
                0x08006a7a        0x2 C:/ST/STM32CubeIDE_1.19.0/STM32CubeIDE/plugins/com.st.stm32cube.ide.mcu.externaltools.gnu-tools-for-stm32.13.3.rel1.win32_1.0.0.202411081344/tools/bin/../lib/gcc/arm-none-eabi/13.3.1/../../../../arm-none-eabi/lib/thumb/v7e-m+fp/hard\libc_nano.a(libc_a-lock.o)
                0x08006a7a                __retarget_lock_release_recursive
 .text._free_r  0x08006a7c       0x94 C:/ST/STM32CubeIDE_1.19.0/STM32CubeIDE/plugins/com.st.stm32cube.ide.mcu.externaltools.gnu-tools-for-stm32.13.3.rel1.win32_1.0.0.202411081344/tools/bin/../lib/gcc/arm-none-eabi/13.3.1/../../../../arm-none-eabi/lib/thumb/v7e-m+fp/hard\libc_nano.a(libc_a-freer.o)
                0x08006a7c                _free_r
 .text.sbrk_aligned
                0x08006b10       0x44 C:/ST/STM32CubeIDE_1.19.0/STM32CubeIDE/plugins/com.st.stm32cube.ide.mcu.externaltools.gnu-tools-for-stm32.13.3.rel1.win32_1.0.0.202411081344/tools/bin/../lib/gcc/arm-none-eabi/13.3.1/../../../../arm-none-eabi/lib/thumb/v7e-m+fp/hard\libc_nano.a(libc_a-mallocr.o)
 .text._malloc_r
                0x08006b54      0x100 C:/ST/STM32CubeIDE_1.19.0/STM32CubeIDE/plugins/com.st.stm32cube.ide.mcu.externaltools.gnu-tools-for-stm32.13.3.rel1.win32_1.0.0.202411081344/tools/bin/../lib/gcc/arm-none-eabi/13.3.1/../../../../arm-none-eabi/lib/thumb/v7e-m+fp/hard\libc_nano.a(libc_a-mallocr.o)
                0x08006b54                _malloc_r
 .text.__malloc_lock
                0x08006c54        0xc C:/ST/STM32CubeIDE_1.19.0/STM32CubeIDE/plugins/com.st.stm32cube.ide.mcu.externaltools.gnu-tools-for-stm32.13.3.rel1.win32_1.0.0.202411081344/tools/bin/../lib/gcc/arm-none-eabi/13.3.1/../../../../arm-none-eabi/lib/thumb/v7e-m+fp/hard\libc_nano.a(libc_a-mlock.o)
                0x08006c54                __malloc_lock
 .text.__malloc_unlock
                0x08006c60        0xc C:/ST/STM32CubeIDE_1.19.0/STM32CubeIDE/plugins/com.st.stm32cube.ide.mcu.externaltools.gnu-tools-for-stm32.13.3.rel1.win32_1.0.0.202411081344/tools/bin/../lib/gcc/arm-none-eabi/13.3.1/../../../../arm-none-eabi/lib/thumb/v7e-m+fp/hard\libc_nano.a(libc_a-mlock.o)
                0x08006c60                __malloc_unlock
 .text.__ssputs_r
                0x08006c6c       0xb6 C:/ST/STM32CubeIDE_1.19.0/STM32CubeIDE/plugins/com.st.stm32cube.ide.mcu.externaltools.gnu-tools-for-stm32.13.3.rel1.win32_1.0.0.202411081344/tools/bin/../lib/gcc/arm-none-eabi/13.3.1/../../../../arm-none-eabi/lib/thumb/v7e-m+fp/hard\libc_nano.a(libc_a-nano-svfprintf.o)
                0x08006c6c                __ssputs_r
 *fill*         0x08006d22        0x2 
 .text._svfprintf_r
                0x08006d24      0x1f8 C:/ST/STM32CubeIDE_1.19.0/STM32CubeIDE/plugins/com.st.stm32cube.ide.mcu.externaltools.gnu-tools-for-stm32.13.3.rel1.win32_1.0.0.202411081344/tools/bin/../lib/gcc/arm-none-eabi/13.3.1/../../../../arm-none-eabi/lib/thumb/v7e-m+fp/hard\libc_nano.a(libc_a-nano-svfprintf.o)
                0x08006d24                _svfiprintf_r
                0x08006d24                _svfprintf_r
 .text._printf_common
                0x08006f1c       0xda C:/ST/STM32CubeIDE_1.19.0/STM32CubeIDE/plugins/com.st.stm32cube.ide.mcu.externaltools.gnu-tools-for-stm32.13.3.rel1.win32_1.0.0.202411081344/tools/bin/../lib/gcc/arm-none-eabi/13.3.1/../../../../arm-none-eabi/lib/thumb/v7e-m+fp/hard\libc_nano.a(libc_a-nano-vfprintf_i.o)
                0x08006f1c                _printf_common
 *fill*         0x08006ff6        0x2 
 .text._printf_i
                0x08006ff8      0x23c C:/ST/STM32CubeIDE_1.19.0/STM32CubeIDE/plugins/com.st.stm32cube.ide.mcu.externaltools.gnu-tools-for-stm32.13.3.rel1.win32_1.0.0.202411081344/tools/bin/../lib/gcc/arm-none-eabi/13.3.1/../../../../arm-none-eabi/lib/thumb/v7e-m+fp/hard\libc_nano.a(libc_a-nano-vfprintf_i.o)
                0x08006ff8                _printf_i
 .text.memmove  0x08007234       0x34 C:/ST/STM32CubeIDE_1.19.0/STM32CubeIDE/plugins/com.st.stm32cube.ide.mcu.externaltools.gnu-tools-for-stm32.13.3.rel1.win32_1.0.0.202411081344/tools/bin/../lib/gcc/arm-none-eabi/13.3.1/../../../../arm-none-eabi/lib/thumb/v7e-m+fp/hard\libc_nano.a(libc_a-memmove.o)
                0x08007234                memmove
 .text._sbrk_r  0x08007268       0x20 C:/ST/STM32CubeIDE_1.19.0/STM32CubeIDE/plugins/com.st.stm32cube.ide.mcu.externaltools.gnu-tools-for-stm32.13.3.rel1.win32_1.0.0.202411081344/tools/bin/../lib/gcc/arm-none-eabi/13.3.1/../../../../arm-none-eabi/lib/thumb/v7e-m+fp/hard\libc_nano.a(libc_a-sbrkr.o)
                0x08007268                _sbrk_r
 .text.memcpy   0x08007288       0x1c C:/ST/STM32CubeIDE_1.19.0/STM32CubeIDE/plugins/com.st.stm32cube.ide.mcu.externaltools.gnu-tools-for-stm32.13.3.rel1.win32_1.0.0.202411081344/tools/bin/../lib/gcc/arm-none-eabi/13.3.1/../../../../arm-none-eabi/lib/thumb/v7e-m+fp/hard\libc_nano.a(libc_a-memcpy-stub.o)
                0x08007288                memcpy
 .text._realloc_r
                0x080072a4       0x5c C:/ST/STM32CubeIDE_1.19.0/STM32CubeIDE/plugins/com.st.stm32cube.ide.mcu.externaltools.gnu-tools-for-stm32.13.3.rel1.win32_1.0.0.202411081344/tools/bin/../lib/gcc/arm-none-eabi/13.3.1/../../../../arm-none-eabi/lib/thumb/v7e-m+fp/hard\libc_nano.a(libc_a-reallocr.o)
                0x080072a4                _realloc_r
 .text._malloc_usable_size_r
                0x08007300       0x10 C:/ST/STM32CubeIDE_1.19.0/STM32CubeIDE/plugins/com.st.stm32cube.ide.mcu.externaltools.gnu-tools-for-stm32.13.3.rel1.win32_1.0.0.202411081344/tools/bin/../lib/gcc/arm-none-eabi/13.3.1/../../../../arm-none-eabi/lib/thumb/v7e-m+fp/hard\libc_nano.a(libc_a-msizer.o)
                0x08007300                _malloc_usable_size_r
 *(.glue_7)
 .glue_7        0x08007310        0x0 linker stubs
 *(.glue_7t)
 .glue_7t       0x08007310        0x0 linker stubs
 *(.eh_frame)
 .eh_frame      0x08007310        0x0 C:/ST/STM32CubeIDE_1.19.0/STM32CubeIDE/plugins/com.st.stm32cube.ide.mcu.externaltools.gnu-tools-for-stm32.13.3.rel1.win32_1.0.0.202411081344/tools/bin/../lib/gcc/arm-none-eabi/13.3.1/thumb/v7e-m+fp/hard/crtbegin.o
 *(.init)
 .init          0x08007310        0x4 C:/ST/STM32CubeIDE_1.19.0/STM32CubeIDE/plugins/com.st.stm32cube.ide.mcu.externaltools.gnu-tools-for-stm32.13.3.rel1.win32_1.0.0.202411081344/tools/bin/../lib/gcc/arm-none-eabi/13.3.1/thumb/v7e-m+fp/hard/crti.o
                0x08007310                _init
 .init          0x08007314        0x8 C:/ST/STM32CubeIDE_1.19.0/STM32CubeIDE/plugins/com.st.stm32cube.ide.mcu.externaltools.gnu-tools-for-stm32.13.3.rel1.win32_1.0.0.202411081344/tools/bin/../lib/gcc/arm-none-eabi/13.3.1/thumb/v7e-m+fp/hard/crtn.o
 *(.fini)
 .fini          0x0800731c        0x4 C:/ST/STM32CubeIDE_1.19.0/STM32CubeIDE/plugins/com.st.stm32cube.ide.mcu.externaltools.gnu-tools-for-stm32.13.3.rel1.win32_1.0.0.202411081344/tools/bin/../lib/gcc/arm-none-eabi/13.3.1/thumb/v7e-m+fp/hard/crti.o
                0x0800731c                _fini
 .fini          0x08007320        0x8 C:/ST/STM32CubeIDE_1.19.0/STM32CubeIDE/plugins/com.st.stm32cube.ide.mcu.externaltools.gnu-tools-for-stm32.13.3.rel1.win32_1.0.0.202411081344/tools/bin/../lib/gcc/arm-none-eabi/13.3.1/thumb/v7e-m+fp/hard/crtn.o
                0x08007328                        . = ALIGN (0x4)
                0x08007328                        _etext = .

.vfp11_veneer   0x08007328        0x0
 .vfp11_veneer  0x08007328        0x0 linker stubs

.v4_bx          0x08007328        0x0
 .v4_bx         0x08007328        0x0 linker stubs

.iplt           0x08007328        0x0
 .iplt          0x08007328        0x0 C:/ST/STM32CubeIDE_1.19.0/STM32CubeIDE/plugins/com.st.stm32cube.ide.mcu.externaltools.gnu-tools-for-stm32.13.3.rel1.win32_1.0.0.202411081344/tools/bin/../lib/gcc/arm-none-eabi/13.3.1/thumb/v7e-m+fp/hard/crtbegin.o

.rodata         0x08007328     0x1be0
                0x08007328                        . = ALIGN (0x4)
 *(.rodata)
 .rodata        0x08007328       0x67 ./Src/TouchSwitch_MCU_V1.0.1.o
 *fill*         0x0800738f        0x1 
 .rodata        0x08007390        0x5 D:\2_Learning\1_FUNIX Course\IOT302x\SDK_1.0.3_NUCLEO-F401RE\lib_stm\libLibraries.a(buzzer.o)
 *fill*         0x08007395        0x3 
 .rodata        0x08007398       0x16 D:\2_Learning\1_FUNIX Course\IOT302x\SDK_1.0.3_NUCLEO-F401RE\lib_stm\libLibraries.a(temhumsensor.o)
 *fill*         0x080073ae        0x2 
 .rodata        0x080073b0        0xf D:\2_Learning\1_FUNIX Course\IOT302x\SDK_1.0.3_NUCLEO-F401RE\lib_stm\libLibraries.a(ucg_font.o)
 *fill*         0x080073bf        0x1 
 .rodata        0x080073c0        0x1 D:\2_Learning\1_FUNIX Course\IOT302x\SDK_1.0.3_NUCLEO-F401RE\lib_stm\libLibraries.a(button.o)
 *(.rodata*)
 *fill*         0x080073c1        0x3 
 .rodata.pinBuzz
                0x080073c4        0x8 D:\2_Learning\1_FUNIX Course\IOT302x\SDK_1.0.3_NUCLEO-F401RE\lib_stm\libLibraries.a(buzzer.o)
 .rodata.ucg_st7735_set_pos_seq
                0x080073cc       0x1e D:\2_Learning\1_FUNIX Course\IOT302x\SDK_1.0.3_NUCLEO-F401RE\lib_stm\libLibraries.a(ucg_dev_ic_st7735.o)
                0x080073cc                ucg_st7735_set_pos_seq
 *fill*         0x080073ea        0x2 
 .rodata.ucg_st7735_set_pos_dir0_seq
                0x080073ec       0x1e D:\2_Learning\1_FUNIX Course\IOT302x\SDK_1.0.3_NUCLEO-F401RE\lib_stm\libLibraries.a(ucg_dev_ic_st7735.o)
                0x080073ec                ucg_st7735_set_pos_dir0_seq
 *fill*         0x0800740a        0x2 
 .rodata.ucg_st7735_set_pos_dir1_seq
                0x0800740c       0x21 D:\2_Learning\1_FUNIX Course\IOT302x\SDK_1.0.3_NUCLEO-F401RE\lib_stm\libLibraries.a(ucg_dev_ic_st7735.o)
                0x0800740c                ucg_st7735_set_pos_dir1_seq
 *fill*         0x0800742d        0x3 
 .rodata.ucg_st7735_set_pos_dir2_seq
                0x08007430       0x21 D:\2_Learning\1_FUNIX Course\IOT302x\SDK_1.0.3_NUCLEO-F401RE\lib_stm\libLibraries.a(ucg_dev_ic_st7735.o)
                0x08007430                ucg_st7735_set_pos_dir2_seq
 *fill*         0x08007451        0x3 
 .rodata.ucg_st7735_set_pos_dir3_seq
                0x08007454       0x24 D:\2_Learning\1_FUNIX Course\IOT302x\SDK_1.0.3_NUCLEO-F401RE\lib_stm\libLibraries.a(ucg_dev_ic_st7735.o)
                0x08007454                ucg_st7735_set_pos_dir3_seq
 .rodata.ucg_st7735_power_down_seq
                0x08007478        0x7 D:\2_Learning\1_FUNIX Course\IOT302x\SDK_1.0.3_NUCLEO-F401RE\lib_stm\libLibraries.a(ucg_dev_ic_st7735.o)
 *fill*         0x0800747f        0x1 
 .rodata.ucg_tft_128x160_st7735_init_seq
                0x08007480       0x2c D:\2_Learning\1_FUNIX Course\IOT302x\SDK_1.0.3_NUCLEO-F401RE\lib_stm\libLibraries.a(ucg_dev_tft_128x128_st7735.o)
 .rodata.ucg_font_ncenR08_hf
                0x080074ac      0xab3 D:\2_Learning\1_FUNIX Course\IOT302x\SDK_1.0.3_NUCLEO-F401RE\lib_stm\libLibraries.a(ucg_pixel_font_data.o)
                0x080074ac                ucg_font_ncenR08_hf
 *fill*         0x08007f5f        0x1 
 .rodata.ucg_font_ncenR10_hf
                0x08007f60      0xf75 D:\2_Learning\1_FUNIX Course\IOT302x\SDK_1.0.3_NUCLEO-F401RE\lib_stm\libLibraries.a(ucg_pixel_font_data.o)
                0x08007f60                ucg_font_ncenR10_hf
 .rodata._svfprintf_r.str1.1
                0x08008ed5       0x33 C:/ST/STM32CubeIDE_1.19.0/STM32CubeIDE/plugins/com.st.stm32cube.ide.mcu.externaltools.gnu-tools-for-stm32.13.3.rel1.win32_1.0.0.202411081344/tools/bin/../lib/gcc/arm-none-eabi/13.3.1/../../../../arm-none-eabi/lib/thumb/v7e-m+fp/hard\libc_nano.a(libc_a-nano-svfprintf.o)
                                 0x11 (size before relaxing)
 .rodata._printf_i.str1.1
                0x08008f08       0x22 C:/ST/STM32CubeIDE_1.19.0/STM32CubeIDE/plugins/com.st.stm32cube.ide.mcu.externaltools.gnu-tools-for-stm32.13.3.rel1.win32_1.0.0.202411081344/tools/bin/../lib/gcc/arm-none-eabi/13.3.1/../../../../arm-none-eabi/lib/thumb/v7e-m+fp/hard\libc_nano.a(libc_a-nano-vfprintf_i.o)
                0x08008f2c                        . = ALIGN (0x4)

.ARM.extab      0x08008f08        0x0
                0x08008f08                        . = ALIGN (0x4)
 *(.ARM.extab* .gnu.linkonce.armextab.*)
                0x08008f08                        . = ALIGN (0x4)

.ARM            0x08008f08        0x8
                0x08008f08                        . = ALIGN (0x4)
                0x08008f08                        __exidx_start = .
 *(.ARM.exidx*)
 .ARM.exidx     0x08008f08        0x8 C:/ST/STM32CubeIDE_1.19.0/STM32CubeIDE/plugins/com.st.stm32cube.ide.mcu.externaltools.gnu-tools-for-stm32.13.3.rel1.win32_1.0.0.202411081344/tools/bin/../lib/gcc/arm-none-eabi/13.3.1/../../../../arm-none-eabi/lib/thumb/v7e-m+fp/hard\libc_nano.a(libc_a-memchr.o)
                0x08008f10                        __exidx_end = .
                0x08008f10                        . = ALIGN (0x4)

.preinit_array  0x08008f10        0x0
                0x08008f10                        . = ALIGN (0x4)
                0x08008f10                        PROVIDE (__preinit_array_start = .)
 *(.preinit_array*)
                0x08008f10                        PROVIDE (__preinit_array_end = .)
                0x08008f10                        . = ALIGN (0x4)

.init_array     0x08008f10        0x4
                0x08008f10                        . = ALIGN (0x4)
                0x08008f10                        PROVIDE (__init_array_start = .)
 *(SORT_BY_NAME(.init_array.*))
 *(.init_array*)
 .init_array    0x08008f10        0x4 C:/ST/STM32CubeIDE_1.19.0/STM32CubeIDE/plugins/com.st.stm32cube.ide.mcu.externaltools.gnu-tools-for-stm32.13.3.rel1.win32_1.0.0.202411081344/tools/bin/../lib/gcc/arm-none-eabi/13.3.1/thumb/v7e-m+fp/hard/crtbegin.o
                0x08008f14                        PROVIDE (__init_array_end = .)
                0x08008f14                        . = ALIGN (0x4)

.fini_array     0x08008f14        0x4
                0x08008f14                        . = ALIGN (0x4)
                [!provide]                        PROVIDE (__fini_array_start = .)
 *(SORT_BY_NAME(.fini_array.*))
 *(.fini_array*)
 .fini_array    0x08008f14        0x4 C:/ST/STM32CubeIDE_1.19.0/STM32CubeIDE/plugins/com.st.stm32cube.ide.mcu.externaltools.gnu-tools-for-stm32.13.3.rel1.win32_1.0.0.202411081344/tools/bin/../lib/gcc/arm-none-eabi/13.3.1/thumb/v7e-m+fp/hard/crtbegin.o
                [!provide]                        PROVIDE (__fini_array_end = .)
                0x08008f18                        . = ALIGN (0x4)
                0x08008f18                        _sidata = LOADADDR (.data)

.rel.dyn        0x08008f18        0x0
 .rel.iplt      0x08008f18        0x0 C:/ST/STM32CubeIDE_1.19.0/STM32CubeIDE/plugins/com.st.stm32cube.ide.mcu.externaltools.gnu-tools-for-stm32.13.3.rel1.win32_1.0.0.202411081344/tools/bin/../lib/gcc/arm-none-eabi/13.3.1/thumb/v7e-m+fp/hard/crtbegin.o

.data           0x20000000       0xe4 load address 0x08008f18
                0x20000000                        . = ALIGN (0x4)
                0x20000000                        _sdata = .
 *(.data)
 *(.data*)
 .data.idTimerStartIncrease
                0x20000000        0x1 ./Src/TouchSwitch_MCU_V1.0.1.o
 .data.idTimerStartDecrease
                0x20000001        0x1 ./Src/TouchSwitch_MCU_V1.0.1.o
 .data.idTimerSensorUpdate
                0x20000002        0x1 ./Src/TouchSwitch_MCU_V1.0.1.o
 .data.idTimerMulti
                0x20000003        0x1 ./Src/TouchSwitch_MCU_V1.0.1.o
 .data.currentColor
                0x20000004        0x1 ./Src/TouchSwitch_MCU_V1.0.1.o
 *fill*         0x20000005        0x3 
 .data.text     0x20000008       0x22 ./Src/TouchSwitch_MCU_V1.0.1.o
 *fill*         0x2000002a        0x2 
 .data.SystemCoreClock
                0x2000002c        0x4 D:\2_Learning\1_FUNIX Course\IOT302x\SDK_1.0.3_NUCLEO-F401RE\lib_stm\libLibraries.a(system_stm32f4xx.o)
                0x2000002c                SystemCoreClock
 .data.AHBPrescTable
                0x20000030       0x10 D:\2_Learning\1_FUNIX Course\IOT302x\SDK_1.0.3_NUCLEO-F401RE\lib_stm\libLibraries.a(system_stm32f4xx.o)
                0x20000030                AHBPrescTable
 .data.idBuzz   0x20000040        0x1 D:\2_Learning\1_FUNIX Course\IOT302x\SDK_1.0.3_NUCLEO-F401RE\lib_stm\libLibraries.a(buzzer.o)
 *fill*         0x20000041        0x3 
 .data.pbeeep   0x20000044        0x8 D:\2_Learning\1_FUNIX Course\IOT302x\SDK_1.0.3_NUCLEO-F401RE\lib_stm\libLibraries.a(melody.o)
                0x20000044                pbeeep
 .data.g_byTimeWaitGetTemp
                0x2000004c        0x1 D:\2_Learning\1_FUNIX Course\IOT302x\SDK_1.0.3_NUCLEO-F401RE\lib_stm\libLibraries.a(temhumsensor.o)
 .data.g_byTimeWaitGetHumi
                0x2000004d        0x1 D:\2_Learning\1_FUNIX Course\IOT302x\SDK_1.0.3_NUCLEO-F401RE\lib_stm\libLibraries.a(temhumsensor.o)
 .data.idTaskScanDecodeLen
                0x2000004e        0x1 D:\2_Learning\1_FUNIX Course\IOT302x\SDK_1.0.3_NUCLEO-F401RE\lib_stm\libLibraries.a(ucg_font.o)
 *fill*         0x2000004f        0x1 
 .data.APBAHBPrescTable
                0x20000050       0x10 D:\2_Learning\1_FUNIX Course\IOT302x\SDK_1.0.3_NUCLEO-F401RE\lib_stm\libLibraries.a(stm32f401re_rcc.o)
 .data.pinBtnPad
                0x20000060       0x30 D:\2_Learning\1_FUNIX Course\IOT302x\SDK_1.0.3_NUCLEO-F401RE\lib_stm\libLibraries.a(button.o)
 .data.idTaskScanButton
                0x20000090        0x1 D:\2_Learning\1_FUNIX Course\IOT302x\SDK_1.0.3_NUCLEO-F401RE\lib_stm\libLibraries.a(button.o)
 *fill*         0x20000091        0x3 
 .data._impure_ptr
                0x20000094        0x4 C:/ST/STM32CubeIDE_1.19.0/STM32CubeIDE/plugins/com.st.stm32cube.ide.mcu.externaltools.gnu-tools-for-stm32.13.3.rel1.win32_1.0.0.202411081344/tools/bin/../lib/gcc/arm-none-eabi/13.3.1/../../../../arm-none-eabi/lib/thumb/v7e-m+fp/hard\libc_nano.a(libc_a-impure.o)
                0x20000094                _impure_ptr
 .data._impure_data
                0x20000098       0x4c C:/ST/STM32CubeIDE_1.19.0/STM32CubeIDE/plugins/com.st.stm32cube.ide.mcu.externaltools.gnu-tools-for-stm32.13.3.rel1.win32_1.0.0.202411081344/tools/bin/../lib/gcc/arm-none-eabi/13.3.1/../../../../arm-none-eabi/lib/thumb/v7e-m+fp/hard\libc_nano.a(libc_a-impure.o)
                0x20000098                _impure_data
 *(.RamFunc)
 *(.RamFunc*)
                0x200000e4                        . = ALIGN (0x4)
                0x200000e4                        _edata = .

.igot.plt       0x200000e4        0x0 load address 0x08008ffc
 .igot.plt      0x200000e4        0x0 C:/ST/STM32CubeIDE_1.19.0/STM32CubeIDE/plugins/com.st.stm32cube.ide.mcu.externaltools.gnu-tools-for-stm32.13.3.rel1.win32_1.0.0.202411081344/tools/bin/../lib/gcc/arm-none-eabi/13.3.1/thumb/v7e-m+fp/hard/crtbegin.o
                0x200000e4                        . = ALIGN (0x4)

.bss            0x200000e4     0x17ac load address 0x08008ffc
                0x200000e4                        _sbss = .
                0x200000e4                        __bss_start__ = _sbss
 *(.bss)
 .bss           0x200000e4       0x1c C:/ST/STM32CubeIDE_1.19.0/STM32CubeIDE/plugins/com.st.stm32cube.ide.mcu.externaltools.gnu-tools-for-stm32.13.3.rel1.win32_1.0.0.202411081344/tools/bin/../lib/gcc/arm-none-eabi/13.3.1/thumb/v7e-m+fp/hard/crtbegin.o
 *(.bss*)
 .bss.eCurrentState
                0x20000100        0x1 ./Src/TouchSwitch_MCU_V1.0.1.o
 *fill*         0x20000101        0x3 
 .bss.ucg       0x20000104       0xb4 ./Src/TouchSwitch_MCU_V1.0.1.o
 .bss.ledChange
                0x200001b8        0x1 ./Src/TouchSwitch_MCU_V1.0.1.o
 *fill*         0x200001b9        0x1 
 .bss.temperature
                0x200001ba        0x2 ./Src/TouchSwitch_MCU_V1.0.1.o
 .bss.humidity  0x200001bc        0x2 ./Src/TouchSwitch_MCU_V1.0.1.o
 .bss.light     0x200001be        0x2 ./Src/TouchSwitch_MCU_V1.0.1.o
 .bss.strTemp   0x200001c0       0x1e ./Src/TouchSwitch_MCU_V1.0.1.o
 *fill*         0x200001de        0x2 
 .bss.strHumi   0x200001e0       0x1e ./Src/TouchSwitch_MCU_V1.0.1.o
 *fill*         0x200001fe        0x2 
 .bss.strLight  0x20000200       0x1e ./Src/TouchSwitch_MCU_V1.0.1.o
 *fill*         0x2000021e        0x2 
 .bss.srcLcd    0x20000220       0x64 ./Src/TouchSwitch_MCU_V1.0.1.o
 .bss.__sbrk_heap_end
                0x20000284        0x4 ./Src/sysmem.o
 .bss.bBuzzInit
                0x20000288        0x1 D:\2_Learning\1_FUNIX Course\IOT302x\SDK_1.0.3_NUCLEO-F401RE\lib_stm\libLibraries.a(buzzer.o)
 *fill*         0x20000289        0x3 
 .bss.gpToneList
                0x2000028c        0x4 D:\2_Learning\1_FUNIX Course\IOT302x\SDK_1.0.3_NUCLEO-F401RE\lib_stm\libLibraries.a(buzzer.o)
 .bss.g_brightnessLed
                0x20000290        0x1 D:\2_Learning\1_FUNIX Course\IOT302x\SDK_1.0.3_NUCLEO-F401RE\lib_stm\libLibraries.a(led.o)
 *fill*         0x20000291        0x3 
 .bss.pAppStateFunc
                0x20000294        0x4 D:\2_Learning\1_FUNIX Course\IOT302x\SDK_1.0.3_NUCLEO-F401RE\lib_stm\libLibraries.a(eventman.o)
 .bss.pBuffEvent
                0x20000298      0x100 D:\2_Learning\1_FUNIX Course\IOT302x\SDK_1.0.3_NUCLEO-F401RE\lib_stm\libLibraries.a(eventman.o)
 .bss.eventQueue
                0x20000398       0x10 D:\2_Learning\1_FUNIX Course\IOT302x\SDK_1.0.3_NUCLEO-F401RE\lib_stm\libLibraries.a(eventman.o)
 .bss.g_pTimerHandle
                0x200003a8      0x180 D:\2_Learning\1_FUNIX Course\IOT302x\SDK_1.0.3_NUCLEO-F401RE\lib_stm\libLibraries.a(timer.o)
 .bss.g_wMilSecTickTimer
                0x20000528        0x4 D:\2_Learning\1_FUNIX Course\IOT302x\SDK_1.0.3_NUCLEO-F401RE\lib_stm\libLibraries.a(timer.o)
 .bss.uhADCConvertedValue
                0x2000052c        0x2 D:\2_Learning\1_FUNIX Course\IOT302x\SDK_1.0.3_NUCLEO-F401RE\lib_stm\libLibraries.a(lightsensor.o)
 .bss.byRxBufState
                0x2000052e        0x1 D:\2_Learning\1_FUNIX Course\IOT302x\SDK_1.0.3_NUCLEO-F401RE\lib_stm\libLibraries.a(serial.o)
 .bss.byIndexRxBuf
                0x2000052f        0x1 D:\2_Learning\1_FUNIX Course\IOT302x\SDK_1.0.3_NUCLEO-F401RE\lib_stm\libLibraries.a(serial.o)
 .bss.byCheckXorRxBuf
                0x20000530        0x1 D:\2_Learning\1_FUNIX Course\IOT302x\SDK_1.0.3_NUCLEO-F401RE\lib_stm\libLibraries.a(serial.o)
 *fill*         0x20000531        0x3 
 .bss.dwTimeoutRx
                0x20000534        0x4 D:\2_Learning\1_FUNIX Course\IOT302x\SDK_1.0.3_NUCLEO-F401RE\lib_stm\libLibraries.a(serial.o)
 .bss.bRxActive
                0x20000538        0x1 D:\2_Learning\1_FUNIX Course\IOT302x\SDK_1.0.3_NUCLEO-F401RE\lib_stm\libLibraries.a(serial.o)
 *fill*         0x20000539        0x3 
 .bss.byRxBuffer
                0x2000053c       0x1e D:\2_Learning\1_FUNIX Course\IOT302x\SDK_1.0.3_NUCLEO-F401RE\lib_stm\libLibraries.a(serial.o)
                0x2000053c                byRxBuffer
 *fill*         0x2000055a        0x2 
 .bss.serialQueueRx
                0x2000055c       0x10 D:\2_Learning\1_FUNIX Course\IOT302x\SDK_1.0.3_NUCLEO-F401RE\lib_stm\libLibraries.a(serial.o)
 .bss.pBuffDataRx
                0x2000056c      0x100 D:\2_Learning\1_FUNIX Course\IOT302x\SDK_1.0.3_NUCLEO-F401RE\lib_stm\libLibraries.a(serial.o)
 .bss.g_pUartQueueRx
                0x2000066c        0x8 D:\2_Learning\1_FUNIX Course\IOT302x\SDK_1.0.3_NUCLEO-F401RE\lib_stm\libLibraries.a(serial.o)
 .bss.pSerialHandleEvent
                0x20000674        0x4 D:\2_Learning\1_FUNIX Course\IOT302x\SDK_1.0.3_NUCLEO-F401RE\lib_stm\libLibraries.a(serial.o)
 .bss.bySeq.7406
                0x20000678        0x1 D:\2_Learning\1_FUNIX Course\IOT302x\SDK_1.0.3_NUCLEO-F401RE\lib_stm\libLibraries.a(serial.o)
 *fill*         0x20000679        0x3 
 .bss.pButtonHandleEvent
                0x2000067c        0x4 D:\2_Learning\1_FUNIX Course\IOT302x\SDK_1.0.3_NUCLEO-F401RE\lib_stm\libLibraries.a(uartcmd.o)
 .bss.pBuzzerHandleEvent
                0x20000680        0x4 D:\2_Learning\1_FUNIX Course\IOT302x\SDK_1.0.3_NUCLEO-F401RE\lib_stm\libLibraries.a(uartcmd.o)
 .bss.pLedHandleEvent
                0x20000684        0x4 D:\2_Learning\1_FUNIX Course\IOT302x\SDK_1.0.3_NUCLEO-F401RE\lib_stm\libLibraries.a(uartcmd.o)
 .bss.pLcdHandleEvent
                0x20000688        0x4 D:\2_Learning\1_FUNIX Course\IOT302x\SDK_1.0.3_NUCLEO-F401RE\lib_stm\libLibraries.a(uartcmd.o)
 .bss.buffer.5657
                0x2000068c       0x14 D:\2_Learning\1_FUNIX Course\IOT302x\SDK_1.0.3_NUCLEO-F401RE\lib_stm\libLibraries.a(uartcmd.o)
 .bss.fontQueue
                0x200006a0       0x10 D:\2_Learning\1_FUNIX Course\IOT302x\SDK_1.0.3_NUCLEO-F401RE\lib_stm\libLibraries.a(ucg_font.o)
 .bss.pQueueFont
                0x200006b0     0x1000 D:\2_Learning\1_FUNIX Course\IOT302x\SDK_1.0.3_NUCLEO-F401RE\lib_stm\libLibraries.a(ucg_font.o)
 .bss.next.7562
                0x200016b0        0x1 D:\2_Learning\1_FUNIX Course\IOT302x\SDK_1.0.3_NUCLEO-F401RE\lib_stm\libLibraries.a(ucg_font.o)
 *fill*         0x200016b1        0x3 
 .bss.kpad      0x200016b4       0x78 D:\2_Learning\1_FUNIX Course\IOT302x\SDK_1.0.3_NUCLEO-F401RE\lib_stm\libLibraries.a(button.o)
 .bss.pEventCallbacks
                0x2000172c       0x10 D:\2_Learning\1_FUNIX Course\IOT302x\SDK_1.0.3_NUCLEO-F401RE\lib_stm\libLibraries.a(button.o)
 .bss.__sf      0x2000173c      0x138 C:/ST/STM32CubeIDE_1.19.0/STM32CubeIDE/plugins/com.st.stm32cube.ide.mcu.externaltools.gnu-tools-for-stm32.13.3.rel1.win32_1.0.0.202411081344/tools/bin/../lib/gcc/arm-none-eabi/13.3.1/../../../../arm-none-eabi/lib/thumb/v7e-m+fp/hard\libc_nano.a(libc_a-findfp.o)
                0x2000173c                __sf
 .bss.errno     0x20001874        0x4 C:/ST/STM32CubeIDE_1.19.0/STM32CubeIDE/plugins/com.st.stm32cube.ide.mcu.externaltools.gnu-tools-for-stm32.13.3.rel1.win32_1.0.0.202411081344/tools/bin/../lib/gcc/arm-none-eabi/13.3.1/../../../../arm-none-eabi/lib/thumb/v7e-m+fp/hard\libc_nano.a(libc_a-reent.o)
                0x20001874                errno
 .bss.__lock___malloc_recursive_mutex
                0x20001878        0x1 C:/ST/STM32CubeIDE_1.19.0/STM32CubeIDE/plugins/com.st.stm32cube.ide.mcu.externaltools.gnu-tools-for-stm32.13.3.rel1.win32_1.0.0.202411081344/tools/bin/../lib/gcc/arm-none-eabi/13.3.1/../../../../arm-none-eabi/lib/thumb/v7e-m+fp/hard\libc_nano.a(libc_a-lock.o)
                0x20001878                __lock___malloc_recursive_mutex
 *fill*         0x20001879        0x3 
 .bss.__malloc_sbrk_start
                0x2000187c        0x4 C:/ST/STM32CubeIDE_1.19.0/STM32CubeIDE/plugins/com.st.stm32cube.ide.mcu.externaltools.gnu-tools-for-stm32.13.3.rel1.win32_1.0.0.202411081344/tools/bin/../lib/gcc/arm-none-eabi/13.3.1/../../../../arm-none-eabi/lib/thumb/v7e-m+fp/hard\libc_nano.a(libc_a-mallocr.o)
                0x2000187c                __malloc_sbrk_start
 .bss.__malloc_free_list
                0x20001880        0x4 C:/ST/STM32CubeIDE_1.19.0/STM32CubeIDE/plugins/com.st.stm32cube.ide.mcu.externaltools.gnu-tools-for-stm32.13.3.rel1.win32_1.0.0.202411081344/tools/bin/../lib/gcc/arm-none-eabi/13.3.1/../../../../arm-none-eabi/lib/thumb/v7e-m+fp/hard\libc_nano.a(libc_a-mallocr.o)
                0x20001880                __malloc_free_list
 *(COMMON)
 COMMON         0x20001884        0xc D:\2_Learning\1_FUNIX Course\IOT302x\SDK_1.0.3_NUCLEO-F401RE\lib_stm\libLibraries.a(ucg_font.o)
                0x20001884                ucg_draw_str
                0x20001890                        . = ALIGN (0x4)
                0x20001890                        _ebss = .
                0x20001890                        __bss_end__ = _ebss

._user_heap_stack
                0x20001890      0x600 load address 0x08008ffc
                0x20001890                        . = ALIGN (0x8)
                [!provide]                        PROVIDE (end = .)
                0x20001890                        PROVIDE (_end = .)
                0x20001a90                        . = (. + _Min_Heap_Size)
 *fill*         0x20001890      0x200 
                0x20001e90                        . = (. + _Min_Stack_Size)
 *fill*         0x20001a90      0x400 
                0x20001e90                        . = ALIGN (0x8)

/DISCARD/
 libc.a(*)
 libm.a(*)
 libgcc.a(*)

.ARM.attributes
                0x00000000       0x30
 *(.ARM.attributes)
 .ARM.attributes
                0x00000000       0x22 C:/ST/STM32CubeIDE_1.19.0/STM32CubeIDE/plugins/com.st.stm32cube.ide.mcu.externaltools.gnu-tools-for-stm32.13.3.rel1.win32_1.0.0.202411081344/tools/bin/../lib/gcc/arm-none-eabi/13.3.1/thumb/v7e-m+fp/hard/crti.o
 .ARM.attributes
                0x00000022       0x34 C:/ST/STM32CubeIDE_1.19.0/STM32CubeIDE/plugins/com.st.stm32cube.ide.mcu.externaltools.gnu-tools-for-stm32.13.3.rel1.win32_1.0.0.202411081344/tools/bin/../lib/gcc/arm-none-eabi/13.3.1/thumb/v7e-m+fp/hard/crtbegin.o
 .ARM.attributes
                0x00000056       0x34 ./Src/TouchSwitch_MCU_V1.0.1.o
 .ARM.attributes
                0x0000008a       0x34 ./Src/sysmem.o
 .ARM.attributes
                0x000000be       0x21 ./Startup/startup_stm32f401retx.o
 .ARM.attributes
                0x000000df       0x39 D:\2_Learning\1_FUNIX Course\IOT302x\SDK_1.0.3_NUCLEO-F401RE\lib_stm\libLibraries.a(system_stm32f4xx.o)
 .ARM.attributes
                0x00000118       0x39 D:\2_Learning\1_FUNIX Course\IOT302x\SDK_1.0.3_NUCLEO-F401RE\lib_stm\libLibraries.a(eventbutton.o)
 .ARM.attributes
                0x00000151       0x39 D:\2_Learning\1_FUNIX Course\IOT302x\SDK_1.0.3_NUCLEO-F401RE\lib_stm\libLibraries.a(buzzer.o)
 .ARM.attributes
                0x0000018a       0x39 D:\2_Learning\1_FUNIX Course\IOT302x\SDK_1.0.3_NUCLEO-F401RE\lib_stm\libLibraries.a(melody.o)
 .ARM.attributes
                0x000001c3       0x39 D:\2_Learning\1_FUNIX Course\IOT302x\SDK_1.0.3_NUCLEO-F401RE\lib_stm\libLibraries.a(led.o)
 .ARM.attributes
                0x000001fc       0x39 D:\2_Learning\1_FUNIX Course\IOT302x\SDK_1.0.3_NUCLEO-F401RE\lib_stm\libLibraries.a(eventman.o)
 .ARM.attributes
                0x00000235       0x39 D:\2_Learning\1_FUNIX Course\IOT302x\SDK_1.0.3_NUCLEO-F401RE\lib_stm\libLibraries.a(timer.o)
 .ARM.attributes
                0x0000026e       0x39 D:\2_Learning\1_FUNIX Course\IOT302x\SDK_1.0.3_NUCLEO-F401RE\lib_stm\libLibraries.a(lightsensor.o)
 .ARM.attributes
                0x000002a7       0x39 D:\2_Learning\1_FUNIX Course\IOT302x\SDK_1.0.3_NUCLEO-F401RE\lib_stm\libLibraries.a(temhumsensor.o)
 .ARM.attributes
                0x000002e0       0x39 D:\2_Learning\1_FUNIX Course\IOT302x\SDK_1.0.3_NUCLEO-F401RE\lib_stm\libLibraries.a(serial.o)
 .ARM.attributes
                0x00000319       0x39 D:\2_Learning\1_FUNIX Course\IOT302x\SDK_1.0.3_NUCLEO-F401RE\lib_stm\libLibraries.a(uartcmd.o)
 .ARM.attributes
                0x00000352       0x39 D:\2_Learning\1_FUNIX Course\IOT302x\SDK_1.0.3_NUCLEO-F401RE\lib_stm\libLibraries.a(Ucglib.o)
 .ARM.attributes
                0x0000038b       0x39 D:\2_Learning\1_FUNIX Course\IOT302x\SDK_1.0.3_NUCLEO-F401RE\lib_stm\libLibraries.a(ucg_box.o)
 .ARM.attributes
                0x000003c4       0x39 D:\2_Learning\1_FUNIX Course\IOT302x\SDK_1.0.3_NUCLEO-F401RE\lib_stm\libLibraries.a(ucg_ccs.o)
 .ARM.attributes
                0x000003fd       0x39 D:\2_Learning\1_FUNIX Course\IOT302x\SDK_1.0.3_NUCLEO-F401RE\lib_stm\libLibraries.a(ucg_dev_default_cb.o)
 .ARM.attributes
                0x00000436       0x39 D:\2_Learning\1_FUNIX Course\IOT302x\SDK_1.0.3_NUCLEO-F401RE\lib_stm\libLibraries.a(ucg_dev_ic_st7735.o)
 .ARM.attributes
                0x0000046f       0x39 D:\2_Learning\1_FUNIX Course\IOT302x\SDK_1.0.3_NUCLEO-F401RE\lib_stm\libLibraries.a(ucg_dev_msg_api.o)
 .ARM.attributes
                0x000004a8       0x39 D:\2_Learning\1_FUNIX Course\IOT302x\SDK_1.0.3_NUCLEO-F401RE\lib_stm\libLibraries.a(ucg_dev_tft_128x128_st7735.o)
 .ARM.attributes
                0x000004e1       0x39 D:\2_Learning\1_FUNIX Course\IOT302x\SDK_1.0.3_NUCLEO-F401RE\lib_stm\libLibraries.a(ucg_font.o)
 .ARM.attributes
                0x0000051a       0x39 D:\2_Learning\1_FUNIX Course\IOT302x\SDK_1.0.3_NUCLEO-F401RE\lib_stm\libLibraries.a(ucg_init.o)
 .ARM.attributes
                0x00000553       0x39 D:\2_Learning\1_FUNIX Course\IOT302x\SDK_1.0.3_NUCLEO-F401RE\lib_stm\libLibraries.a(ucg_line.o)
 .ARM.attributes
                0x0000058c       0x39 D:\2_Learning\1_FUNIX Course\IOT302x\SDK_1.0.3_NUCLEO-F401RE\lib_stm\libLibraries.a(ucg_pixel.o)
 .ARM.attributes
                0x000005c5       0x39 D:\2_Learning\1_FUNIX Course\IOT302x\SDK_1.0.3_NUCLEO-F401RE\lib_stm\libLibraries.a(ucg_pixel_font_data.o)
 .ARM.attributes
                0x000005fe       0x39 D:\2_Learning\1_FUNIX Course\IOT302x\SDK_1.0.3_NUCLEO-F401RE\lib_stm\libLibraries.a(ucg_rotate.o)
 .ARM.attributes
                0x00000637       0x39 D:\2_Learning\1_FUNIX Course\IOT302x\SDK_1.0.3_NUCLEO-F401RE\lib_stm\libLibraries.a(buff.o)
 .ARM.attributes
                0x00000670       0x39 D:\2_Learning\1_FUNIX Course\IOT302x\SDK_1.0.3_NUCLEO-F401RE\lib_stm\libLibraries.a(utilities.o)
 .ARM.attributes
                0x000006a9       0x39 D:\2_Learning\1_FUNIX Course\IOT302x\SDK_1.0.3_NUCLEO-F401RE\lib_stm\libLibraries.a(misc.o)
 .ARM.attributes
                0x000006e2       0x39 D:\2_Learning\1_FUNIX Course\IOT302x\SDK_1.0.3_NUCLEO-F401RE\lib_stm\libLibraries.a(stm32f401re_adc.o)
 .ARM.attributes
                0x0000071b       0x39 D:\2_Learning\1_FUNIX Course\IOT302x\SDK_1.0.3_NUCLEO-F401RE\lib_stm\libLibraries.a(stm32f401re_dma.o)
 .ARM.attributes
                0x00000754       0x39 D:\2_Learning\1_FUNIX Course\IOT302x\SDK_1.0.3_NUCLEO-F401RE\lib_stm\libLibraries.a(stm32f401re_gpio.o)
 .ARM.attributes
                0x0000078d       0x39 D:\2_Learning\1_FUNIX Course\IOT302x\SDK_1.0.3_NUCLEO-F401RE\lib_stm\libLibraries.a(stm32f401re_i2c.o)
 .ARM.attributes
                0x000007c6       0x39 D:\2_Learning\1_FUNIX Course\IOT302x\SDK_1.0.3_NUCLEO-F401RE\lib_stm\libLibraries.a(stm32f401re_rcc.o)
 .ARM.attributes
                0x000007ff       0x39 D:\2_Learning\1_FUNIX Course\IOT302x\SDK_1.0.3_NUCLEO-F401RE\lib_stm\libLibraries.a(stm32f401re_tim.o)
 .ARM.attributes
                0x00000838       0x39 D:\2_Learning\1_FUNIX Course\IOT302x\SDK_1.0.3_NUCLEO-F401RE\lib_stm\libLibraries.a(stm32f401re_usart.o)
 .ARM.attributes
                0x00000871       0x39 D:\2_Learning\1_FUNIX Course\IOT302x\SDK_1.0.3_NUCLEO-F401RE\lib_stm\libLibraries.a(button.o)
 .ARM.attributes
                0x000008aa       0x39 D:\2_Learning\1_FUNIX Course\IOT302x\SDK_1.0.3_NUCLEO-F401RE\lib_stm\libLibraries.a(ucg_clip.o)
 .ARM.attributes
                0x000008e3       0x39 D:\2_Learning\1_FUNIX Course\IOT302x\SDK_1.0.3_NUCLEO-F401RE\lib_stm\libLibraries.a(ucg_com_msg_api.o)
 .ARM.attributes
                0x0000091c       0x34 C:/ST/STM32CubeIDE_1.19.0/STM32CubeIDE/plugins/com.st.stm32cube.ide.mcu.externaltools.gnu-tools-for-stm32.13.3.rel1.win32_1.0.0.202411081344/tools/bin/../lib/gcc/arm-none-eabi/13.3.1/../../../../arm-none-eabi/lib/thumb/v7e-m+fp/hard\libc_nano.a(libc_a-findfp.o)
 .ARM.attributes
                0x00000950       0x34 C:/ST/STM32CubeIDE_1.19.0/STM32CubeIDE/plugins/com.st.stm32cube.ide.mcu.externaltools.gnu-tools-for-stm32.13.3.rel1.win32_1.0.0.202411081344/tools/bin/../lib/gcc/arm-none-eabi/13.3.1/../../../../arm-none-eabi/lib/thumb/v7e-m+fp/hard\libc_nano.a(libc_a-sprintf.o)
 .ARM.attributes