../Src/TouchSwitch_MCU_V1.0.1.c:65:6:ButtonHadle	16	static
../Src/TouchSwitch_MCU_V1.0.1.c:71:6:LedHandle	24	static
../Src/TouchSwitch_MCU_V1.0.1.c:89:6:BuzzerHandle	16	static
../Src/TouchSwitch_MCU_V1.0.1.c:98:6:LcdHandle	24	static
../Src/TouchSwitch_MCU_V1.0.1.c:110:5:main	16	static
../Src/TouchSwitch_MCU_V1.0.1.c:147:13:AppStateManager	24	static
../Src/TouchSwitch_MCU_V1.0.1.c:169:13:SetStateApp	16	static
../Src/TouchSwitch_MCU_V1.0.1.c:174:20:GetStateApp	4	static
../Src/TouchSwitch_MCU_V1.0.1.c:180:6:DeviceStateMachine	24	static
../Src/TouchSwitch_MCU_V1.0.1.c:241:6:Increase_LedLevel	8	static
../Src/TouchSwitch_MCU_V1.0.1.c:247:6:Decrease_LedLevel	8	static
../Src/TouchSwitch_MCU_V1.0.1.c:253:5:Clamp	24	static
../Src/TouchSwitch_MCU_V1.0.1.c:262:6:Task_multiSensorScan	16	static
../Src/TouchSwitch_MCU_V1.0.1.c:277:6:MultiSensorScan	16	static
